[config] Reading paths from config.py...
  PREPROCESSED_PATH : /orcd/data/omarabu/001/gonzalo/flashscenic_2/flashscenic/experiments/robustness/results/als_preprocessed.h5ad
  GRN_DATA_PATH     : /orcd/data/omarabu/001/gonzalo/flashscenic_2/flashscenic/experiments/robustness/results/als_grn_subsample.h5ad
  RUN_DIR           : /orcd/data/omarabu/001/gonzalo/flashscenic_2/flashscenic/experiments/robustness/results/2026-03-26_16-30-13
  FIGURES_DIR       : /orcd/data/omarabu/001/gonzalo/flashscenic_2/flashscenic/experiments/robustness/results/2026-03-26_16-30-13/figures
  SPECIES           : human
  N_RUNS            : 5
  N_STEPS           : 1000
  DEVICE            : cuda

[1/4] Preprocessing outputs already exist — skipping.
      /orcd/data/omarabu/001/gonzalo/flashscenic_2/flashscenic/experiments/robustness/results/als_preprocessed.h5ad
      /orcd/data/omarabu/001/gonzalo/flashscenic_2/flashscenic/experiments/robustness/results/als_grn_subsample.h5ad

[2/4] Experiment 1: Bland-Altman adjacency deviation...
Loading /orcd/data/omarabu/001/gonzalo/flashscenic_2/flashscenic/experiments/robustness/results/als_grn_subsample.h5ad...
  62711 cells × 6000 genes
Running RegDiffusion 5 times...
  GRN run 1/5...
  GRN run 2/5...
  GRN run 3/5...
  GRN run 4/5...
  GRN run 5/5...
Saved /orcd/data/omarabu/001/gonzalo/flashscenic_2/flashscenic/experiments/robustness/results/2026-03-26_16-30-13/figures/exp1_bland_altman.pdf
      Done. → /orcd/data/omarabu/001/gonzalo/flashscenic_2/flashscenic/experiments/robustness/results/2026-03-26_16-30-13/figures/exp1_bland_altman.pdf

[3/4] Experiment 2: Regulon set Jaccard convergence...
Loading /orcd/data/omarabu/001/gonzalo/flashscenic_2/flashscenic/experiments/robustness/results/als_grn_subsample.h5ad...
  62711 cells × 6000 genes
Preparing resources...
Downloading scenic/human/v10 resources to flashscenic_data/
  [Human TF list (hg38)] Already cached: allTFs_hg38.txt
  [Human 500bp/100bp ranking database (v10)] Already cached: hg38_500bp_up_100bp_down_full_tx_v10_clust.genes_vs_motifs.rankings.feather
  [Human 10kbp ranking database (v10)] Already cached: hg38_10kbp_up_10kbp_down_full_tx_v10_clust.genes_vs_motifs.rankings.feather
  [Human motif annotations (v10)] Already cached: motifs-v10nr_clust-nr.hgnc-m0.001-o0.0.tbl
Download complete.
Running RegDiffusion 5 times (mean-adj strategy)...
  GRN run 1/5...
  GRN run 2/5...
  GRN run 3/5...
  GRN run 4/5...
  GRN run 5/5...
Running full pipeline 5 times (freq-baseline strategy)...
  Full run 1/5...
Loaded database 'hg38_500bp_up_100bp_down_full_tx_v10_clust.genes_vs_motifs.rankings': 5876 motifs × 27015 genes
Loaded database 'hg38_10kbp_up_10kbp_down_full_tx_v10_clust.genes_vs_motifs.rankings': 5876 motifs × 27090 genes
Loaded 2 databases
Reading annotation file: flashscenic_data/motifs-v10nr_clust-nr.hgnc-m0.001-o0.0.tbl
Column indices: motif_id=0, gene_name=5, similarity_qvalue=6, ortho_identity=9, description=12
Read 253096 rows, 253096 passed filters
Loaded 177084 motif annotations (27072 unique motifs, 1605 unique TFs)
Loaded motif annotations (filter_for_annotation=True)

Pruning with database 1/2: hg38_500bp_up_100bp_down_full_tx_v10_clust.genes_vs_motifs.rankings

Pruning with database 2/2: hg38_10kbp_up_10kbp_down_full_tx_v10_clust.genes_vs_motifs.rankings

Total regulons before merging: 810
Total regulons after merging: 563
Total regulons after TF merging: 111
  Full run 2/5...
Loaded database 'hg38_500bp_up_100bp_down_full_tx_v10_clust.genes_vs_motifs.rankings': 5876 motifs × 27015 genes
Loaded database 'hg38_10kbp_up_10kbp_down_full_tx_v10_clust.genes_vs_motifs.rankings': 5876 motifs × 27090 genes
Loaded 2 databases
Reading annotation file: flashscenic_data/motifs-v10nr_clust-nr.hgnc-m0.001-o0.0.tbl
Column indices: motif_id=0, gene_name=5, similarity_qvalue=6, ortho_identity=9, description=12
Read 253096 rows, 253096 passed filters
Loaded 177084 motif annotations (27072 unique motifs, 1605 unique TFs)
Loaded motif annotations (filter_for_annotation=True)

Pruning with database 1/2: hg38_500bp_up_100bp_down_full_tx_v10_clust.genes_vs_motifs.rankings

Pruning with database 2/2: hg38_10kbp_up_10kbp_down_full_tx_v10_clust.genes_vs_motifs.rankings

Total regulons before merging: 814
Total regulons after merging: 572
Total regulons after TF merging: 105
  Full run 3/5...
Loaded database 'hg38_500bp_up_100bp_down_full_tx_v10_clust.genes_vs_motifs.rankings': 5876 motifs × 27015 genes
Loaded database 'hg38_10kbp_up_10kbp_down_full_tx_v10_clust.genes_vs_motifs.rankings': 5876 motifs × 27090 genes
Loaded 2 databases
Reading annotation file: flashscenic_data/motifs-v10nr_clust-nr.hgnc-m0.001-o0.0.tbl
Column indices: motif_id=0, gene_name=5, similarity_qvalue=6, ortho_identity=9, description=12
Read 253096 rows, 253096 passed filters
Loaded 177084 motif annotations (27072 unique motifs, 1605 unique TFs)
Loaded motif annotations (filter_for_annotation=True)

Pruning with database 1/2: hg38_500bp_up_100bp_down_full_tx_v10_clust.genes_vs_motifs.rankings

Pruning with database 2/2: hg38_10kbp_up_10kbp_down_full_tx_v10_clust.genes_vs_motifs.rankings

Total regulons before merging: 902
Total regulons after merging: 620
Total regulons after TF merging: 112
  Full run 4/5...
Loaded database 'hg38_500bp_up_100bp_down_full_tx_v10_clust.genes_vs_motifs.rankings': 5876 motifs × 27015 genes
Loaded database 'hg38_10kbp_up_10kbp_down_full_tx_v10_clust.genes_vs_motifs.rankings': 5876 motifs × 27090 genes
Loaded 2 databases
Reading annotation file: flashscenic_data/motifs-v10nr_clust-nr.hgnc-m0.001-o0.0.tbl
Column indices: motif_id=0, gene_name=5, similarity_qvalue=6, ortho_identity=9, description=12
Read 253096 rows, 253096 passed filters
Loaded 177084 motif annotations (27072 unique motifs, 1605 unique TFs)
Loaded motif annotations (filter_for_annotation=True)

Pruning with database 1/2: hg38_500bp_up_100bp_down_full_tx_v10_clust.genes_vs_motifs.rankings

Pruning with database 2/2: hg38_10kbp_up_10kbp_down_full_tx_v10_clust.genes_vs_motifs.rankings

Total regulons before merging: 832
Total regulons after merging: 575
Total regulons after TF merging: 107
  Full run 5/5...
Loaded database 'hg38_500bp_up_100bp_down_full_tx_v10_clust.genes_vs_motifs.rankings': 5876 motifs × 27015 genes
Loaded database 'hg38_10kbp_up_10kbp_down_full_tx_v10_clust.genes_vs_motifs.rankings': 5876 motifs × 27090 genes
Loaded 2 databases
Reading annotation file: flashscenic_data/motifs-v10nr_clust-nr.hgnc-m0.001-o0.0.tbl
Column indices: motif_id=0, gene_name=5, similarity_qvalue=6, ortho_identity=9, description=12
Read 253096 rows, 253096 passed filters
Loaded 177084 motif annotations (27072 unique motifs, 1605 unique TFs)
Loaded motif annotations (filter_for_annotation=True)

Pruning with database 1/2: hg38_500bp_up_100bp_down_full_tx_v10_clust.genes_vs_motifs.rankings

Pruning with database 2/2: hg38_10kbp_up_10kbp_down_full_tx_v10_clust.genes_vs_motifs.rankings

Total regulons before merging: 857
Total regulons after merging: 586
Total regulons after TF merging: 107
Loaded database 'hg38_500bp_up_100bp_down_full_tx_v10_clust.genes_vs_motifs.rankings': 5876 motifs × 27015 genes
Loaded database 'hg38_10kbp_up_10kbp_down_full_tx_v10_clust.genes_vs_motifs.rankings': 5876 motifs × 27090 genes
Loaded 2 databases
Reading annotation file: flashscenic_data/motifs-v10nr_clust-nr.hgnc-m0.001-o0.0.tbl
Column indices: motif_id=0, gene_name=5, similarity_qvalue=6, ortho_identity=9, description=12
Read 253096 rows, 253096 passed filters
Loaded 177084 motif annotations (27072 unique motifs, 1605 unique TFs)
Loaded motif annotations (filter_for_annotation=True)

Pruning with database 1/2: hg38_500bp_up_100bp_down_full_tx_v10_clust.genes_vs_motifs.rankings

Pruning with database 2/2: hg38_10kbp_up_10kbp_down_full_tx_v10_clust.genes_vs_motifs.rankings

Total regulons before merging: 841
Total regulons after merging: 585
Total regulons after TF merging: 103

Reference regulon set sizes at k=5:
  mean-adj:       15567 TF-gene pairs
  freq-baseline:  14003 TF-gene pairs
  k=2...
Loaded database 'hg38_500bp_up_100bp_down_full_tx_v10_clust.genes_vs_motifs.rankings': 5876 motifs × 27015 genes
Loaded database 'hg38_10kbp_up_10kbp_down_full_tx_v10_clust.genes_vs_motifs.rankings': 5876 motifs × 27090 genes
Loaded 2 databases
Reading annotation file: flashscenic_data/motifs-v10nr_clust-nr.hgnc-m0.001-o0.0.tbl
Column indices: motif_id=0, gene_name=5, similarity_qvalue=6, ortho_identity=9, description=12
Read 253096 rows, 253096 passed filters
Loaded 177084 motif annotations (27072 unique motifs, 1605 unique TFs)
Loaded motif annotations (filter_for_annotation=True)

Pruning with database 1/2: hg38_500bp_up_100bp_down_full_tx_v10_clust.genes_vs_motifs.rankings

Pruning with database 2/2: hg38_10kbp_up_10kbp_down_full_tx_v10_clust.genes_vs_motifs.rankings

Total regulons before merging: 803
Total regulons after merging: 555
Total regulons after TF merging: 99
  k=3...
Loaded database 'hg38_500bp_up_100bp_down_full_tx_v10_clust.genes_vs_motifs.rankings': 5876 motifs × 27015 genes
Loaded database 'hg38_10kbp_up_10kbp_down_full_tx_v10_clust.genes_vs_motifs.rankings': 5876 motifs × 27090 genes
Loaded 2 databases
Reading annotation file: flashscenic_data/motifs-v10nr_clust-nr.hgnc-m0.001-o0.0.tbl
Column indices: motif_id=0, gene_name=5, similarity_qvalue=6, ortho_identity=9, description=12
Read 253096 rows, 253096 passed filters
Loaded 177084 motif annotations (27072 unique motifs, 1605 unique TFs)
Loaded motif annotations (filter_for_annotation=True)

Pruning with database 1/2: hg38_500bp_up_100bp_down_full_tx_v10_clust.genes_vs_motifs.rankings

Pruning with database 2/2: hg38_10kbp_up_10kbp_down_full_tx_v10_clust.genes_vs_motifs.rankings

Total regulons before merging: 877
Total regulons after merging: 604
Total regulons after TF merging: 103
  k=4...
Loaded database 'hg38_500bp_up_100bp_down_full_tx_v10_clust.genes_vs_motifs.rankings': 5876 motifs × 27015 genes
Loaded database 'hg38_10kbp_up_10kbp_down_full_tx_v10_clust.genes_vs_motifs.rankings': 5876 motifs × 27090 genes
Loaded 2 databases
Reading annotation file: flashscenic_data/motifs-v10nr_clust-nr.hgnc-m0.001-o0.0.tbl
Column indices: motif_id=0, gene_name=5, similarity_qvalue=6, ortho_identity=9, description=12
Read 253096 rows, 253096 passed filters
Loaded 177084 motif annotations (27072 unique motifs, 1605 unique TFs)
Loaded motif annotations (filter_for_annotation=True)

Pruning with database 1/2: hg38_500bp_up_100bp_down_full_tx_v10_clust.genes_vs_motifs.rankings

Pruning with database 2/2: hg38_10kbp_up_10kbp_down_full_tx_v10_clust.genes_vs_motifs.rankings

Total regulons before merging: 818
Total regulons after merging: 570
Total regulons after TF merging: 102
  k=5...
Loaded database 'hg38_500bp_up_100bp_down_full_tx_v10_clust.genes_vs_motifs.rankings': 5876 motifs × 27015 genes
Loaded database 'hg38_10kbp_up_10kbp_down_full_tx_v10_clust.genes_vs_motifs.rankings': 5876 motifs × 27090 genes
Loaded 2 databases
Reading annotation file: flashscenic_data/motifs-v10nr_clust-nr.hgnc-m0.001-o0.0.tbl
Column indices: motif_id=0, gene_name=5, similarity_qvalue=6, ortho_identity=9, description=12
Read 253096 rows, 253096 passed filters
Loaded 177084 motif annotations (27072 unique motifs, 1605 unique TFs)
Loaded motif annotations (filter_for_annotation=True)

Pruning with database 1/2: hg38_500bp_up_100bp_down_full_tx_v10_clust.genes_vs_motifs.rankings

Pruning with database 2/2: hg38_10kbp_up_10kbp_down_full_tx_v10_clust.genes_vs_motifs.rankings

Total regulons before merging: 841
Total regulons after merging: 585
Total regulons after TF merging: 103
Saved /orcd/data/omarabu/001/gonzalo/flashscenic_2/flashscenic/experiments/robustness/results/2026-03-26_16-30-13/figures/exp2_jaccard_convergence.pdf
      Done. → /orcd/data/omarabu/001/gonzalo/flashscenic_2/flashscenic/experiments/robustness/results/2026-03-26_16-30-13/figures/exp2_jaccard_convergence.pdf

[4/4] Experiment 3: AUCell score Spearman stability...
Loading /orcd/data/omarabu/001/gonzalo/flashscenic_2/flashscenic/experiments/robustness/results/als_grn_subsample.h5ad...
  62711 cells × 6000 genes
Preparing resources...
Downloading scenic/human/v10 resources to flashscenic_data/
  [Human TF list (hg38)] Already cached: allTFs_hg38.txt
  [Human 500bp/100bp ranking database (v10)] Already cached: hg38_500bp_up_100bp_down_full_tx_v10_clust.genes_vs_motifs.rankings.feather
  [Human 10kbp ranking database (v10)] Already cached: hg38_10kbp_up_10kbp_down_full_tx_v10_clust.genes_vs_motifs.rankings.feather
  [Human motif annotations (v10)] Already cached: motifs-v10nr_clust-nr.hgnc-m0.001-o0.0.tbl
Download complete.
Running RegDiffusion 5 times...
  GRN run 1/5...
  GRN run 2/5...
  GRN run 3/5...
  GRN run 4/5...
  GRN run 5/5...
Running full pipeline 5 times (freq-baseline)...
  Full run 1/5...
Loaded database 'hg38_500bp_up_100bp_down_full_tx_v10_clust.genes_vs_motifs.rankings': 5876 motifs × 27015 genes
Loaded database 'hg38_10kbp_up_10kbp_down_full_tx_v10_clust.genes_vs_motifs.rankings': 5876 motifs × 27090 genes
Loaded 2 databases
Reading annotation file: flashscenic_data/motifs-v10nr_clust-nr.hgnc-m0.001-o0.0.tbl
Column indices: motif_id=0, gene_name=5, similarity_qvalue=6, ortho_identity=9, description=12
Read 253096 rows, 253096 passed filters
Loaded 177084 motif annotations (27072 unique motifs, 1605 unique TFs)
Loaded motif annotations (filter_for_annotation=True)

Pruning with database 1/2: hg38_500bp_up_100bp_down_full_tx_v10_clust.genes_vs_motifs.rankings

Pruning with database 2/2: hg38_10kbp_up_10kbp_down_full_tx_v10_clust.genes_vs_motifs.rankings

Total regulons before merging: 922
Total regulons after merging: 634
Total regulons after TF merging: 108
  Full run 2/5...
Loaded database 'hg38_500bp_up_100bp_down_full_tx_v10_clust.genes_vs_motifs.rankings': 5876 motifs × 27015 genes
Loaded database 'hg38_10kbp_up_10kbp_down_full_tx_v10_clust.genes_vs_motifs.rankings': 5876 motifs × 27090 genes
Loaded 2 databases
Reading annotation file: flashscenic_data/motifs-v10nr_clust-nr.hgnc-m0.001-o0.0.tbl
Column indices: motif_id=0, gene_name=5, similarity_qvalue=6, ortho_identity=9, description=12
Read 253096 rows, 253096 passed filters
Loaded 177084 motif annotations (27072 unique motifs, 1605 unique TFs)
Loaded motif annotations (filter_for_annotation=True)

Pruning with database 1/2: hg38_500bp_up_100bp_down_full_tx_v10_clust.genes_vs_motifs.rankings

Pruning with database 2/2: hg38_10kbp_up_10kbp_down_full_tx_v10_clust.genes_vs_motifs.rankings

Total regulons before merging: 872
Total regulons after merging: 605
Total regulons after TF merging: 117
  Full run 3/5...
Loaded database 'hg38_500bp_up_100bp_down_full_tx_v10_clust.genes_vs_motifs.rankings': 5876 motifs × 27015 genes
Loaded database 'hg38_10kbp_up_10kbp_down_full_tx_v10_clust.genes_vs_motifs.rankings': 5876 motifs × 27090 genes
Loaded 2 databases
Reading annotation file: flashscenic_data/motifs-v10nr_clust-nr.hgnc-m0.001-o0.0.tbl
Column indices: motif_id=0, gene_name=5, similarity_qvalue=6, ortho_identity=9, description=12
Read 253096 rows, 253096 passed filters
Loaded 177084 motif annotations (27072 unique motifs, 1605 unique TFs)
Loaded motif annotations (filter_for_annotation=True)

Pruning with database 1/2: hg38_500bp_up_100bp_down_full_tx_v10_clust.genes_vs_motifs.rankings

Pruning with database 2/2: hg38_10kbp_up_10kbp_down_full_tx_v10_clust.genes_vs_motifs.rankings

Total regulons before merging: 955
Total regulons after merging: 686
Total regulons after TF merging: 122
  Full run 4/5...
Loaded database 'hg38_500bp_up_100bp_down_full_tx_v10_clust.genes_vs_motifs.rankings': 5876 motifs × 27015 genes
Loaded database 'hg38_10kbp_up_10kbp_down_full_tx_v10_clust.genes_vs_motifs.rankings': 5876 motifs × 27090 genes
Loaded 2 databases
Reading annotation file: flashscenic_data/motifs-v10nr_clust-nr.hgnc-m0.001-o0.0.tbl
Column indices: motif_id=0, gene_name=5, similarity_qvalue=6, ortho_identity=9, description=12
Read 253096 rows, 253096 passed filters
Loaded 177084 motif annotations (27072 unique motifs, 1605 unique TFs)
Loaded motif annotations (filter_for_annotation=True)

Pruning with database 1/2: hg38_500bp_up_100bp_down_full_tx_v10_clust.genes_vs_motifs.rankings

Pruning with database 2/2: hg38_10kbp_up_10kbp_down_full_tx_v10_clust.genes_vs_motifs.rankings

Total regulons before merging: 907
Total regulons after merging: 604
Total regulons after TF merging: 113
  Full run 5/5...
Loaded database 'hg38_500bp_up_100bp_down_full_tx_v10_clust.genes_vs_motifs.rankings': 5876 motifs × 27015 genes
Loaded database 'hg38_10kbp_up_10kbp_down_full_tx_v10_clust.genes_vs_motifs.rankings': 5876 motifs × 27090 genes
Loaded 2 databases
Reading annotation file: flashscenic_data/motifs-v10nr_clust-nr.hgnc-m0.001-o0.0.tbl
Column indices: motif_id=0, gene_name=5, similarity_qvalue=6, ortho_identity=9, description=12
Read 253096 rows, 253096 passed filters
Loaded 177084 motif annotations (27072 unique motifs, 1605 unique TFs)
Loaded motif annotations (filter_for_annotation=True)

Pruning with database 1/2: hg38_500bp_up_100bp_down_full_tx_v10_clust.genes_vs_motifs.rankings

Pruning with database 2/2: hg38_10kbp_up_10kbp_down_full_tx_v10_clust.genes_vs_motifs.rankings

Total regulons before merging: 888
Total regulons after merging: 589
Total regulons after TF merging: 107
  k=2...
Loaded database 'hg38_500bp_up_100bp_down_full_tx_v10_clust.genes_vs_motifs.rankings': 5876 motifs × 27015 genes
Loaded database 'hg38_10kbp_up_10kbp_down_full_tx_v10_clust.genes_vs_motifs.rankings': 5876 motifs × 27090 genes
Loaded 2 databases
Reading annotation file: flashscenic_data/motifs-v10nr_clust-nr.hgnc-m0.001-o0.0.tbl
Column indices: motif_id=0, gene_name=5, similarity_qvalue=6, ortho_identity=9, description=12
Read 253096 rows, 253096 passed filters
Loaded 177084 motif annotations (27072 unique motifs, 1605 unique TFs)
Loaded motif annotations (filter_for_annotation=True)

Pruning with database 1/2: hg38_500bp_up_100bp_down_full_tx_v10_clust.genes_vs_motifs.rankings

Pruning with database 2/2: hg38_10kbp_up_10kbp_down_full_tx_v10_clust.genes_vs_motifs.rankings

Total regulons before merging: 836
Total regulons after merging: 592
Total regulons after TF merging: 94
  k=3...
Loaded database 'hg38_500bp_up_100bp_down_full_tx_v10_clust.genes_vs_motifs.rankings': 5876 motifs × 27015 genes
Loaded database 'hg38_10kbp_up_10kbp_down_full_tx_v10_clust.genes_vs_motifs.rankings': 5876 motifs × 27090 genes
Loaded 2 databases
Reading annotation file: flashscenic_data/motifs-v10nr_clust-nr.hgnc-m0.001-o0.0.tbl
Column indices: motif_id=0, gene_name=5, similarity_qvalue=6, ortho_identity=9, description=12
Read 253096 rows, 253096 passed filters
Loaded 177084 motif annotations (27072 unique motifs, 1605 unique TFs)
Loaded motif annotations (filter_for_annotation=True)

Pruning with database 1/2: hg38_500bp_up_100bp_down_full_tx_v10_clust.genes_vs_motifs.rankings

Pruning with database 2/2: hg38_10kbp_up_10kbp_down_full_tx_v10_clust.genes_vs_motifs.rankings

Total regulons before merging: 921
Total regulons after merging: 628
Total regulons after TF merging: 98
  k=4...
Loaded database 'hg38_500bp_up_100bp_down_full_tx_v10_clust.genes_vs_motifs.rankings': 5876 motifs × 27015 genes
Loaded database 'hg38_10kbp_up_10kbp_down_full_tx_v10_clust.genes_vs_motifs.rankings': 5876 motifs × 27090 genes
Loaded 2 databases
Reading annotation file: flashscenic_data/motifs-v10nr_clust-nr.hgnc-m0.001-o0.0.tbl
Column indices: motif_id=0, gene_name=5, similarity_qvalue=6, ortho_identity=9, description=12
Read 253096 rows, 253096 passed filters
Loaded 177084 motif annotations (27072 unique motifs, 1605 unique TFs)
Loaded motif annotations (filter_for_annotation=True)

Pruning with database 1/2: hg38_500bp_up_100bp_down_full_tx_v10_clust.genes_vs_motifs.rankings

Pruning with database 2/2: hg38_10kbp_up_10kbp_down_full_tx_v10_clust.genes_vs_motifs.rankings

Total regulons before merging: 877
Total regulons after merging: 609
Total regulons after TF merging: 102
  k=5...
Loaded database 'hg38_500bp_up_100bp_down_full_tx_v10_clust.genes_vs_motifs.rankings': 5876 motifs × 27015 genes
Loaded database 'hg38_10kbp_up_10kbp_down_full_tx_v10_clust.genes_vs_motifs.rankings': 5876 motifs × 27090 genes
Loaded 2 databases
Reading annotation file: flashscenic_data/motifs-v10nr_clust-nr.hgnc-m0.001-o0.0.tbl
Column indices: motif_id=0, gene_name=5, similarity_qvalue=6, ortho_identity=9, description=12
Read 253096 rows, 253096 passed filters
Loaded 177084 motif annotations (27072 unique motifs, 1605 unique TFs)
Loaded motif annotations (filter_for_annotation=True)

Pruning with database 1/2: hg38_500bp_up_100bp_down_full_tx_v10_clust.genes_vs_motifs.rankings

Pruning with database 2/2: hg38_10kbp_up_10kbp_down_full_tx_v10_clust.genes_vs_motifs.rankings

Total regulons before merging: 926
Total regulons after merging: 639
Total regulons after TF merging: 98
Saved /orcd/data/omarabu/001/gonzalo/flashscenic_2/flashscenic/experiments/robustness/results/2026-03-26_16-30-13/figures/exp3_aucell_stability.pdf
      Done. → /orcd/data/omarabu/001/gonzalo/flashscenic_2/flashscenic/experiments/robustness/results/2026-03-26_16-30-13/figures/exp3_aucell_stability.pdf

============================================================
All experiments complete. Figures saved to:
  /orcd/data/omarabu/001/gonzalo/flashscenic_2/flashscenic/experiments/robustness/results/2026-03-26_16-30-13/figures
============================================================
