[config] Reading paths from config.py...
  PREPROCESSED_PATH : /orcd/data/omarabu/001/gonzalo/flashscenic_2/flashscenic/experiments/robustness/results/als_preprocessed.h5ad
  GRN_DATA_PATH     : /orcd/data/omarabu/001/gonzalo/flashscenic_2/flashscenic/experiments/robustness/results/als_grn_subsample.h5ad
  RUN_DIR           : /orcd/data/omarabu/001/gonzalo/flashscenic_2/flashscenic/experiments/robustness/results/2026-03-26_18-17-08
  FIGURES_DIR       : /orcd/data/omarabu/001/gonzalo/flashscenic_2/flashscenic/experiments/robustness/results/2026-03-26_18-17-08/figures
  SPECIES           : human
  N_RUNS            : 30
  N_STEPS           : 1000
  DEVICE            : cuda

[1/4] Preprocessing outputs already exist — skipping.
      /orcd/data/omarabu/001/gonzalo/flashscenic_2/flashscenic/experiments/robustness/results/als_preprocessed.h5ad
      /orcd/data/omarabu/001/gonzalo/flashscenic_2/flashscenic/experiments/robustness/results/als_grn_subsample.h5ad

[2/4] Experiment 1: Bland-Altman adjacency deviation...
Loading /orcd/data/omarabu/001/gonzalo/flashscenic_2/flashscenic/experiments/robustness/results/als_grn_subsample.h5ad...
  62711 cells × 6000 genes
Running RegDiffusion 30 times...
  GRN run 1/30...
  GRN run 2/30...
  GRN run 3/30...
  GRN run 4/30...
  GRN run 5/30...
  GRN run 6/30...
  GRN run 7/30...
  GRN run 8/30...
  GRN run 9/30...
  GRN run 10/30...
  GRN run 11/30...
  GRN run 12/30...
  GRN run 13/30...
  GRN run 14/30...
  GRN run 15/30...
  GRN run 16/30...
  GRN run 17/30...
  GRN run 18/30...
  GRN run 19/30...
