[config] Reading paths from config.py...
  PREPROCESSED_PATH : /orcd/data/omarabu/001/gonzalo/flashscenic_2/flashscenic/experiments/robustness/results/als_preprocessed.h5ad
  GRN_DATA_PATH     : /orcd/data/omarabu/001/gonzalo/flashscenic_2/flashscenic/experiments/robustness/results/als_grn_subsample.h5ad
  RUN_DIR           : /orcd/data/omarabu/001/gonzalo/flashscenic_2/flashscenic/experiments/robustness/results/2026-03-26_17-24-32
  FIGURES_DIR       : /orcd/data/omarabu/001/gonzalo/flashscenic_2/flashscenic/experiments/robustness/results/2026-03-26_17-24-32/figures
  SPECIES           : human
  N_RUNS            : 10
  N_STEPS           : 1000
  DEVICE            : cuda

[1/4] Preprocessing outputs already exist — skipping.
      /orcd/data/omarabu/001/gonzalo/flashscenic_2/flashscenic/experiments/robustness/results/als_preprocessed.h5ad
      /orcd/data/omarabu/001/gonzalo/flashscenic_2/flashscenic/experiments/robustness/results/als_grn_subsample.h5ad

[2/4] Experiment 1: Bland-Altman adjacency deviation...
Loading /orcd/data/omarabu/001/gonzalo/flashscenic_2/flashscenic/experiments/robustness/results/als_grn_subsample.h5ad...
  62711 cells × 6000 genes
Running RegDiffusion 10 times...
  GRN run 1/10...
  GRN run 2/10...
  GRN run 3/10...
  GRN run 4/10...
  GRN run 5/10...
  GRN run 6/10...
  GRN run 7/10...
  GRN run 8/10...
  GRN run 9/10...
  GRN run 10/10...
Saved /orcd/data/omarabu/001/gonzalo/flashscenic_2/flashscenic/experiments/robustness/results/2026-03-26_17-24-32/figures/exp1_bland_altman.pdf
      Done. → /orcd/data/omarabu/001/gonzalo/flashscenic_2/flashscenic/experiments/robustness/results/2026-03-26_17-24-32/figures/exp1_bland_altman.pdf

[3/4] Experiment 2: Regulon set Jaccard convergence...
Loading /orcd/data/omarabu/001/gonzalo/flashscenic_2/flashscenic/experiments/robustness/results/als_grn_subsample.h5ad...
  62711 cells × 6000 genes
Preparing resources...
Downloading scenic/human/v10 resources to flashscenic_data/
  [Human TF list (hg38)] Already cached: allTFs_hg38.txt
  [Human 500bp/100bp ranking database (v10)] Already cached: hg38_500bp_up_100bp_down_full_tx_v10_clust.genes_vs_motifs.rankings.feather
  [Human 10kbp ranking database (v10)] Already cached: hg38_10kbp_up_10kbp_down_full_tx_v10_clust.genes_vs_motifs.rankings.feather
  [Human motif annotations (v10)] Already cached: motifs-v10nr_clust-nr.hgnc-m0.001-o0.0.tbl
Download complete.
Running multi_run_flashscenic (10 runs, mean-adj strategy)...
Loaded database 'hg38_500bp_up_100bp_down_full_tx_v10_clust.genes_vs_motifs.rankings': 5876 motifs × 27015 genes
Loaded database 'hg38_10kbp_up_10kbp_down_full_tx_v10_clust.genes_vs_motifs.rankings': 5876 motifs × 27090 genes
Loaded 2 databases
Reading annotation file: flashscenic_data/motifs-v10nr_clust-nr.hgnc-m0.001-o0.0.tbl
Column indices: motif_id=0, gene_name=5, similarity_qvalue=6, ortho_identity=9, description=12
Read 253096 rows, 253096 passed filters
Loaded 177084 motif annotations (27072 unique motifs, 1605 unique TFs)
Loaded motif annotations (filter_for_annotation=True)

Pruning with database 1/2: hg38_500bp_up_100bp_down_full_tx_v10_clust.genes_vs_motifs.rankings

Pruning with database 2/2: hg38_10kbp_up_10kbp_down_full_tx_v10_clust.genes_vs_motifs.rankings

Total regulons before merging: 842
Total regulons after merging: 567
Total regulons after TF merging: 100
Running full pipeline 10 times (freq-baseline strategy)...
  Full run 1/10...
Loaded database 'hg38_500bp_up_100bp_down_full_tx_v10_clust.genes_vs_motifs.rankings': 5876 motifs × 27015 genes
Loaded database 'hg38_10kbp_up_10kbp_down_full_tx_v10_clust.genes_vs_motifs.rankings': 5876 motifs × 27090 genes
Loaded 2 databases
Reading annotation file: flashscenic_data/motifs-v10nr_clust-nr.hgnc-m0.001-o0.0.tbl
Column indices: motif_id=0, gene_name=5, similarity_qvalue=6, ortho_identity=9, description=12
Read 253096 rows, 253096 passed filters
Loaded 177084 motif annotations (27072 unique motifs, 1605 unique TFs)
Loaded motif annotations (filter_for_annotation=True)

Pruning with database 1/2: hg38_500bp_up_100bp_down_full_tx_v10_clust.genes_vs_motifs.rankings

Pruning with database 2/2: hg38_10kbp_up_10kbp_down_full_tx_v10_clust.genes_vs_motifs.rankings

Total regulons before merging: 868
Total regulons after merging: 609
Total regulons after TF merging: 110
  Full run 2/10...
Loaded database 'hg38_500bp_up_100bp_down_full_tx_v10_clust.genes_vs_motifs.rankings': 5876 motifs × 27015 genes
Loaded database 'hg38_10kbp_up_10kbp_down_full_tx_v10_clust.genes_vs_motifs.rankings': 5876 motifs × 27090 genes
Loaded 2 databases
Reading annotation file: flashscenic_data/motifs-v10nr_clust-nr.hgnc-m0.001-o0.0.tbl
Column indices: motif_id=0, gene_name=5, similarity_qvalue=6, ortho_identity=9, description=12
Read 253096 rows, 253096 passed filters
Loaded 177084 motif annotations (27072 unique motifs, 1605 unique TFs)
Loaded motif annotations (filter_for_annotation=True)

Pruning with database 1/2: hg38_500bp_up_100bp_down_full_tx_v10_clust.genes_vs_motifs.rankings

Pruning with database 2/2: hg38_10kbp_up_10kbp_down_full_tx_v10_clust.genes_vs_motifs.rankings

Total regulons before merging: 850
Total regulons after merging: 585
Total regulons after TF merging: 103
  Full run 3/10...
Loaded database 'hg38_500bp_up_100bp_down_full_tx_v10_clust.genes_vs_motifs.rankings': 5876 motifs × 27015 genes
Loaded database 'hg38_10kbp_up_10kbp_down_full_tx_v10_clust.genes_vs_motifs.rankings': 5876 motifs × 27090 genes
Loaded 2 databases
Reading annotation file: flashscenic_data/motifs-v10nr_clust-nr.hgnc-m0.001-o0.0.tbl
Column indices: motif_id=0, gene_name=5, similarity_qvalue=6, ortho_identity=9, description=12
Read 253096 rows, 253096 passed filters
Loaded 177084 motif annotations (27072 unique motifs, 1605 unique TFs)
Loaded motif annotations (filter_for_annotation=True)

Pruning with database 1/2: hg38_500bp_up_100bp_down_full_tx_v10_clust.genes_vs_motifs.rankings

Pruning with database 2/2: hg38_10kbp_up_10kbp_down_full_tx_v10_clust.genes_vs_motifs.rankings

Total regulons before merging: 871
Total regulons after merging: 611
Total regulons after TF merging: 108
  Full run 4/10...
Loaded database 'hg38_500bp_up_100bp_down_full_tx_v10_clust.genes_vs_motifs.rankings': 5876 motifs × 27015 genes
Loaded database 'hg38_10kbp_up_10kbp_down_full_tx_v10_clust.genes_vs_motifs.rankings': 5876 motifs × 27090 genes
Loaded 2 databases
Reading annotation file: flashscenic_data/motifs-v10nr_clust-nr.hgnc-m0.001-o0.0.tbl
Column indices: motif_id=0, gene_name=5, similarity_qvalue=6, ortho_identity=9, description=12
Read 253096 rows, 253096 passed filters
Loaded 177084 motif annotations (27072 unique motifs, 1605 unique TFs)
Loaded motif annotations (filter_for_annotation=True)

Pruning with database 1/2: hg38_500bp_up_100bp_down_full_tx_v10_clust.genes_vs_motifs.rankings

Pruning with database 2/2: hg38_10kbp_up_10kbp_down_full_tx_v10_clust.genes_vs_motifs.rankings

Total regulons before merging: 826
Total regulons after merging: 581
Total regulons after TF merging: 108
  Full run 5/10...
Loaded database 'hg38_500bp_up_100bp_down_full_tx_v10_clust.genes_vs_motifs.rankings': 5876 motifs × 27015 genes
Loaded database 'hg38_10kbp_up_10kbp_down_full_tx_v10_clust.genes_vs_motifs.rankings': 5876 motifs × 27090 genes
Loaded 2 databases
Reading annotation file: flashscenic_data/motifs-v10nr_clust-nr.hgnc-m0.001-o0.0.tbl
Column indices: motif_id=0, gene_name=5, similarity_qvalue=6, ortho_identity=9, description=12
Read 253096 rows, 253096 passed filters
Loaded 177084 motif annotations (27072 unique motifs, 1605 unique TFs)
Loaded motif annotations (filter_for_annotation=True)

Pruning with database 1/2: hg38_500bp_up_100bp_down_full_tx_v10_clust.genes_vs_motifs.rankings

Pruning with database 2/2: hg38_10kbp_up_10kbp_down_full_tx_v10_clust.genes_vs_motifs.rankings

Total regulons before merging: 830
Total regulons after merging: 586
Total regulons after TF merging: 99
  Full run 6/10...
Loaded database 'hg38_500bp_up_100bp_down_full_tx_v10_clust.genes_vs_motifs.rankings': 5876 motifs × 27015 genes
Loaded database 'hg38_10kbp_up_10kbp_down_full_tx_v10_clust.genes_vs_motifs.rankings': 5876 motifs × 27090 genes
Loaded 2 databases
Reading annotation file: flashscenic_data/motifs-v10nr_clust-nr.hgnc-m0.001-o0.0.tbl
Column indices: motif_id=0, gene_name=5, similarity_qvalue=6, ortho_identity=9, description=12
Read 253096 rows, 253096 passed filters
Loaded 177084 motif annotations (27072 unique motifs, 1605 unique TFs)
Loaded motif annotations (filter_for_annotation=True)

Pruning with database 1/2: hg38_500bp_up_100bp_down_full_tx_v10_clust.genes_vs_motifs.rankings

Pruning with database 2/2: hg38_10kbp_up_10kbp_down_full_tx_v10_clust.genes_vs_motifs.rankings

Total regulons before merging: 877
Total regulons after merging: 565
Total regulons after TF merging: 102
  Full run 7/10...
Loaded database 'hg38_500bp_up_100bp_down_full_tx_v10_clust.genes_vs_motifs.rankings': 5876 motifs × 27015 genes
Loaded database 'hg38_10kbp_up_10kbp_down_full_tx_v10_clust.genes_vs_motifs.rankings': 5876 motifs × 27090 genes
Loaded 2 databases
Reading annotation file: flashscenic_data/motifs-v10nr_clust-nr.hgnc-m0.001-o0.0.tbl
Column indices: motif_id=0, gene_name=5, similarity_qvalue=6, ortho_identity=9, description=12
Read 253096 rows, 253096 passed filters
Loaded 177084 motif annotations (27072 unique motifs, 1605 unique TFs)
Loaded motif annotations (filter_for_annotation=True)

Pruning with database 1/2: hg38_500bp_up_100bp_down_full_tx_v10_clust.genes_vs_motifs.rankings

Pruning with database 2/2: hg38_10kbp_up_10kbp_down_full_tx_v10_clust.genes_vs_motifs.rankings

Total regulons before merging: 925
Total regulons after merging: 618
Total regulons after TF merging: 105
  Full run 8/10...
Loaded database 'hg38_500bp_up_100bp_down_full_tx_v10_clust.genes_vs_motifs.rankings': 5876 motifs × 27015 genes
Loaded database 'hg38_10kbp_up_10kbp_down_full_tx_v10_clust.genes_vs_motifs.rankings': 5876 motifs × 27090 genes
Loaded 2 databases
Reading annotation file: flashscenic_data/motifs-v10nr_clust-nr.hgnc-m0.001-o0.0.tbl
Column indices: motif_id=0, gene_name=5, similarity_qvalue=6, ortho_identity=9, description=12
Read 253096 rows, 253096 passed filters
Loaded 177084 motif annotations (27072 unique motifs, 1605 unique TFs)
Loaded motif annotations (filter_for_annotation=True)

Pruning with database 1/2: hg38_500bp_up_100bp_down_full_tx_v10_clust.genes_vs_motifs.rankings

Pruning with database 2/2: hg38_10kbp_up_10kbp_down_full_tx_v10_clust.genes_vs_motifs.rankings

Total regulons before merging: 914
Total regulons after merging: 620
Total regulons after TF merging: 118
  Full run 9/10...
Loaded database 'hg38_500bp_up_100bp_down_full_tx_v10_clust.genes_vs_motifs.rankings': 5876 motifs × 27015 genes
Loaded database 'hg38_10kbp_up_10kbp_down_full_tx_v10_clust.genes_vs_motifs.rankings': 5876 motifs × 27090 genes
Loaded 2 databases
Reading annotation file: flashscenic_data/motifs-v10nr_clust-nr.hgnc-m0.001-o0.0.tbl
Column indices: motif_id=0, gene_name=5, similarity_qvalue=6, ortho_identity=9, description=12
Read 253096 rows, 253096 passed filters
Loaded 177084 motif annotations (27072 unique motifs, 1605 unique TFs)
Loaded motif annotations (filter_for_annotation=True)

Pruning with database 1/2: hg38_500bp_up_100bp_down_full_tx_v10_clust.genes_vs_motifs.rankings

Pruning with database 2/2: hg38_10kbp_up_10kbp_down_full_tx_v10_clust.genes_vs_motifs.rankings

Total regulons before merging: 847
Total regulons after merging: 562
Total regulons after TF merging: 100
  Full run 10/10...
Loaded database 'hg38_500bp_up_100bp_down_full_tx_v10_clust.genes_vs_motifs.rankings': 5876 motifs × 27015 genes
Loaded database 'hg38_10kbp_up_10kbp_down_full_tx_v10_clust.genes_vs_motifs.rankings': 5876 motifs × 27090 genes
Loaded 2 databases
Reading annotation file: flashscenic_data/motifs-v10nr_clust-nr.hgnc-m0.001-o0.0.tbl
Column indices: motif_id=0, gene_name=5, similarity_qvalue=6, ortho_identity=9, description=12
Read 253096 rows, 253096 passed filters
Loaded 177084 motif annotations (27072 unique motifs, 1605 unique TFs)
Loaded motif annotations (filter_for_annotation=True)

Pruning with database 1/2: hg38_500bp_up_100bp_down_full_tx_v10_clust.genes_vs_motifs.rankings

Pruning with database 2/2: hg38_10kbp_up_10kbp_down_full_tx_v10_clust.genes_vs_motifs.rankings

Total regulons before merging: 810
Total regulons after merging: 555
Total regulons after TF merging: 107

Reference regulon set sizes at k=10:
  mean-adj:       15477 TF-gene pairs
  freq-baseline:  14542 TF-gene pairs
  k=2...
Loaded database 'hg38_500bp_up_100bp_down_full_tx_v10_clust.genes_vs_motifs.rankings': 5876 motifs × 27015 genes
Loaded database 'hg38_10kbp_up_10kbp_down_full_tx_v10_clust.genes_vs_motifs.rankings': 5876 motifs × 27090 genes
Loaded 2 databases
Reading annotation file: flashscenic_data/motifs-v10nr_clust-nr.hgnc-m0.001-o0.0.tbl
Column indices: motif_id=0, gene_name=5, similarity_qvalue=6, ortho_identity=9, description=12
Read 253096 rows, 253096 passed filters
Loaded 177084 motif annotations (27072 unique motifs, 1605 unique TFs)
Loaded motif annotations (filter_for_annotation=True)

Pruning with database 1/2: hg38_500bp_up_100bp_down_full_tx_v10_clust.genes_vs_motifs.rankings

Pruning with database 2/2: hg38_10kbp_up_10kbp_down_full_tx_v10_clust.genes_vs_motifs.rankings

Total regulons before merging: 814
Total regulons after merging: 557
Total regulons after TF merging: 97
  k=3...
Loaded database 'hg38_500bp_up_100bp_down_full_tx_v10_clust.genes_vs_motifs.rankings': 5876 motifs × 27015 genes
Loaded database 'hg38_10kbp_up_10kbp_down_full_tx_v10_clust.genes_vs_motifs.rankings': 5876 motifs × 27090 genes
Loaded 2 databases
Reading annotation file: flashscenic_data/motifs-v10nr_clust-nr.hgnc-m0.001-o0.0.tbl
Column indices: motif_id=0, gene_name=5, similarity_qvalue=6, ortho_identity=9, description=12
Read 253096 rows, 253096 passed filters
Loaded 177084 motif annotations (27072 unique motifs, 1605 unique TFs)
Loaded motif annotations (filter_for_annotation=True)

Pruning with database 1/2: hg38_500bp_up_100bp_down_full_tx_v10_clust.genes_vs_motifs.rankings

Pruning with database 2/2: hg38_10kbp_up_10kbp_down_full_tx_v10_clust.genes_vs_motifs.rankings

Total regulons before merging: 768
Total regulons after merging: 536
Total regulons after TF merging: 91
  k=4...
Loaded database 'hg38_500bp_up_100bp_down_full_tx_v10_clust.genes_vs_motifs.rankings': 5876 motifs × 27015 genes
Loaded database 'hg38_10kbp_up_10kbp_down_full_tx_v10_clust.genes_vs_motifs.rankings': 5876 motifs × 27090 genes
Loaded 2 databases
Reading annotation file: flashscenic_data/motifs-v10nr_clust-nr.hgnc-m0.001-o0.0.tbl
Column indices: motif_id=0, gene_name=5, similarity_qvalue=6, ortho_identity=9, description=12
Read 253096 rows, 253096 passed filters
Loaded 177084 motif annotations (27072 unique motifs, 1605 unique TFs)
Loaded motif annotations (filter_for_annotation=True)

Pruning with database 1/2: hg38_500bp_up_100bp_down_full_tx_v10_clust.genes_vs_motifs.rankings

Pruning with database 2/2: hg38_10kbp_up_10kbp_down_full_tx_v10_clust.genes_vs_motifs.rankings

Total regulons before merging: 830
Total regulons after merging: 557
Total regulons after TF merging: 97
  k=5...
Loaded database 'hg38_500bp_up_100bp_down_full_tx_v10_clust.genes_vs_motifs.rankings': 5876 motifs × 27015 genes
Loaded database 'hg38_10kbp_up_10kbp_down_full_tx_v10_clust.genes_vs_motifs.rankings': 5876 motifs × 27090 genes
Loaded 2 databases
Reading annotation file: flashscenic_data/motifs-v10nr_clust-nr.hgnc-m0.001-o0.0.tbl
Column indices: motif_id=0, gene_name=5, similarity_qvalue=6, ortho_identity=9, description=12
Read 253096 rows, 253096 passed filters
Loaded 177084 motif annotations (27072 unique motifs, 1605 unique TFs)
Loaded motif annotations (filter_for_annotation=True)

Pruning with database 1/2: hg38_500bp_up_100bp_down_full_tx_v10_clust.genes_vs_motifs.rankings

Pruning with database 2/2: hg38_10kbp_up_10kbp_down_full_tx_v10_clust.genes_vs_motifs.rankings

Total regulons before merging: 810
Total regulons after merging: 560
Total regulons after TF merging: 90
  k=6...
Loaded database 'hg38_500bp_up_100bp_down_full_tx_v10_clust.genes_vs_motifs.rankings': 5876 motifs × 27015 genes
Loaded database 'hg38_10kbp_up_10kbp_down_full_tx_v10_clust.genes_vs_motifs.rankings': 5876 motifs × 27090 genes
Loaded 2 databases
Reading annotation file: flashscenic_data/motifs-v10nr_clust-nr.hgnc-m0.001-o0.0.tbl
Column indices: motif_id=0, gene_name=5, similarity_qvalue=6, ortho_identity=9, description=12
Read 253096 rows, 253096 passed filters
Loaded 177084 motif annotations (27072 unique motifs, 1605 unique TFs)
Loaded motif annotations (filter_for_annotation=True)

Pruning with database 1/2: hg38_500bp_up_100bp_down_full_tx_v10_clust.genes_vs_motifs.rankings

Pruning with database 2/2: hg38_10kbp_up_10kbp_down_full_tx_v10_clust.genes_vs_motifs.rankings

Total regulons before merging: 809
Total regulons after merging: 554
Total regulons after TF merging: 90
  k=7...
Loaded database 'hg38_500bp_up_100bp_down_full_tx_v10_clust.genes_vs_motifs.rankings': 5876 motifs × 27015 genes
Loaded database 'hg38_10kbp_up_10kbp_down_full_tx_v10_clust.genes_vs_motifs.rankings': 5876 motifs × 27090 genes
Loaded 2 databases
Reading annotation file: flashscenic_data/motifs-v10nr_clust-nr.hgnc-m0.001-o0.0.tbl
Column indices: motif_id=0, gene_name=5, similarity_qvalue=6, ortho_identity=9, description=12
Read 253096 rows, 253096 passed filters
Loaded 177084 motif annotations (27072 unique motifs, 1605 unique TFs)
Loaded motif annotations (filter_for_annotation=True)

Pruning with database 1/2: hg38_500bp_up_100bp_down_full_tx_v10_clust.genes_vs_motifs.rankings

Pruning with database 2/2: hg38_10kbp_up_10kbp_down_full_tx_v10_clust.genes_vs_motifs.rankings

Total regulons before merging: 823
Total regulons after merging: 568
Total regulons after TF merging: 99
  k=8...
Loaded database 'hg38_500bp_up_100bp_down_full_tx_v10_clust.genes_vs_motifs.rankings': 5876 motifs × 27015 genes
Loaded database 'hg38_10kbp_up_10kbp_down_full_tx_v10_clust.genes_vs_motifs.rankings': 5876 motifs × 27090 genes
Loaded 2 databases
Reading annotation file: flashscenic_data/motifs-v10nr_clust-nr.hgnc-m0.001-o0.0.tbl
Column indices: motif_id=0, gene_name=5, similarity_qvalue=6, ortho_identity=9, description=12
Read 253096 rows, 253096 passed filters
Loaded 177084 motif annotations (27072 unique motifs, 1605 unique TFs)
Loaded motif annotations (filter_for_annotation=True)

Pruning with database 1/2: hg38_500bp_up_100bp_down_full_tx_v10_clust.genes_vs_motifs.rankings

Pruning with database 2/2: hg38_10kbp_up_10kbp_down_full_tx_v10_clust.genes_vs_motifs.rankings

Total regulons before merging: 804
Total regulons after merging: 563
Total regulons after TF merging: 99
  k=9...
Loaded database 'hg38_500bp_up_100bp_down_full_tx_v10_clust.genes_vs_motifs.rankings': 5876 motifs × 27015 genes
Loaded database 'hg38_10kbp_up_10kbp_down_full_tx_v10_clust.genes_vs_motifs.rankings': 5876 motifs × 27090 genes
Loaded 2 databases
Reading annotation file: flashscenic_data/motifs-v10nr_clust-nr.hgnc-m0.001-o0.0.tbl
Column indices: motif_id=0, gene_name=5, similarity_qvalue=6, ortho_identity=9, description=12
Read 253096 rows, 253096 passed filters
Loaded 177084 motif annotations (27072 unique motifs, 1605 unique TFs)
Loaded motif annotations (filter_for_annotation=True)

Pruning with database 1/2: hg38_500bp_up_100bp_down_full_tx_v10_clust.genes_vs_motifs.rankings

Pruning with database 2/2: hg38_10kbp_up_10kbp_down_full_tx_v10_clust.genes_vs_motifs.rankings

Total regulons before merging: 823
Total regulons after merging: 553
Total regulons after TF merging: 97
  k=10...
Loaded database 'hg38_500bp_up_100bp_down_full_tx_v10_clust.genes_vs_motifs.rankings': 5876 motifs × 27015 genes
Loaded database 'hg38_10kbp_up_10kbp_down_full_tx_v10_clust.genes_vs_motifs.rankings': 5876 motifs × 27090 genes
Loaded 2 databases
Reading annotation file: flashscenic_data/motifs-v10nr_clust-nr.hgnc-m0.001-o0.0.tbl
Column indices: motif_id=0, gene_name=5, similarity_qvalue=6, ortho_identity=9, description=12
Read 253096 rows, 253096 passed filters
Loaded 177084 motif annotations (27072 unique motifs, 1605 unique TFs)
Loaded motif annotations (filter_for_annotation=True)

Pruning with database 1/2: hg38_500bp_up_100bp_down_full_tx_v10_clust.genes_vs_motifs.rankings

Pruning with database 2/2: hg38_10kbp_up_10kbp_down_full_tx_v10_clust.genes_vs_motifs.rankings

Total regulons before merging: 842
Total regulons after merging: 567
Total regulons after TF merging: 100
Saved /orcd/data/omarabu/001/gonzalo/flashscenic_2/flashscenic/experiments/robustness/results/2026-03-26_17-24-32/figures/exp2_jaccard_convergence.pdf
      Done. → /orcd/data/omarabu/001/gonzalo/flashscenic_2/flashscenic/experiments/robustness/results/2026-03-26_17-24-32/figures/exp2_jaccard_convergence.pdf

[4/4] Experiment 3: AUCell score Spearman stability...
Loading /orcd/data/omarabu/001/gonzalo/flashscenic_2/flashscenic/experiments/robustness/results/als_grn_subsample.h5ad...
  62711 cells × 6000 genes
Preparing resources...
Downloading scenic/human/v10 resources to flashscenic_data/
  [Human TF list (hg38)] Already cached: allTFs_hg38.txt
  [Human 500bp/100bp ranking database (v10)] Already cached: hg38_500bp_up_100bp_down_full_tx_v10_clust.genes_vs_motifs.rankings.feather
  [Human 10kbp ranking database (v10)] Already cached: hg38_10kbp_up_10kbp_down_full_tx_v10_clust.genes_vs_motifs.rankings.feather
  [Human motif annotations (v10)] Already cached: motifs-v10nr_clust-nr.hgnc-m0.001-o0.0.tbl
Download complete.
Running multi_run_flashscenic (10 runs, mean-adj strategy)...
Loaded database 'hg38_500bp_up_100bp_down_full_tx_v10_clust.genes_vs_motifs.rankings': 5876 motifs × 27015 genes
Loaded database 'hg38_10kbp_up_10kbp_down_full_tx_v10_clust.genes_vs_motifs.rankings': 5876 motifs × 27090 genes
Loaded 2 databases
Reading annotation file: flashscenic_data/motifs-v10nr_clust-nr.hgnc-m0.001-o0.0.tbl
Column indices: motif_id=0, gene_name=5, similarity_qvalue=6, ortho_identity=9, description=12
Read 253096 rows, 253096 passed filters
Loaded 177084 motif annotations (27072 unique motifs, 1605 unique TFs)
Loaded motif annotations (filter_for_annotation=True)

Pruning with database 1/2: hg38_500bp_up_100bp_down_full_tx_v10_clust.genes_vs_motifs.rankings

Pruning with database 2/2: hg38_10kbp_up_10kbp_down_full_tx_v10_clust.genes_vs_motifs.rankings

Total regulons before merging: 844
Total regulons after merging: 576
Total regulons after TF merging: 105
Running full pipeline 10 times (freq-baseline)...
  Full run 1/10...
Loaded database 'hg38_500bp_up_100bp_down_full_tx_v10_clust.genes_vs_motifs.rankings': 5876 motifs × 27015 genes
Loaded database 'hg38_10kbp_up_10kbp_down_full_tx_v10_clust.genes_vs_motifs.rankings': 5876 motifs × 27090 genes
Loaded 2 databases
Reading annotation file: flashscenic_data/motifs-v10nr_clust-nr.hgnc-m0.001-o0.0.tbl
Column indices: motif_id=0, gene_name=5, similarity_qvalue=6, ortho_identity=9, description=12
Read 253096 rows, 253096 passed filters
Loaded 177084 motif annotations (27072 unique motifs, 1605 unique TFs)
Loaded motif annotations (filter_for_annotation=True)

Pruning with database 1/2: hg38_500bp_up_100bp_down_full_tx_v10_clust.genes_vs_motifs.rankings

Pruning with database 2/2: hg38_10kbp_up_10kbp_down_full_tx_v10_clust.genes_vs_motifs.rankings

Total regulons before merging: 854
Total regulons after merging: 586
Total regulons after TF merging: 114
  Full run 2/10...
Loaded database 'hg38_500bp_up_100bp_down_full_tx_v10_clust.genes_vs_motifs.rankings': 5876 motifs × 27015 genes
Loaded database 'hg38_10kbp_up_10kbp_down_full_tx_v10_clust.genes_vs_motifs.rankings': 5876 motifs × 27090 genes
Loaded 2 databases
Reading annotation file: flashscenic_data/motifs-v10nr_clust-nr.hgnc-m0.001-o0.0.tbl
Column indices: motif_id=0, gene_name=5, similarity_qvalue=6, ortho_identity=9, description=12
Read 253096 rows, 253096 passed filters
Loaded 177084 motif annotations (27072 unique motifs, 1605 unique TFs)
Loaded motif annotations (filter_for_annotation=True)

Pruning with database 1/2: hg38_500bp_up_100bp_down_full_tx_v10_clust.genes_vs_motifs.rankings

Pruning with database 2/2: hg38_10kbp_up_10kbp_down_full_tx_v10_clust.genes_vs_motifs.rankings

Total regulons before merging: 870
Total regulons after merging: 598
Total regulons after TF merging: 113
  Full run 3/10...
Loaded database 'hg38_500bp_up_100bp_down_full_tx_v10_clust.genes_vs_motifs.rankings': 5876 motifs × 27015 genes
Loaded database 'hg38_10kbp_up_10kbp_down_full_tx_v10_clust.genes_vs_motifs.rankings': 5876 motifs × 27090 genes
Loaded 2 databases
Reading annotation file: flashscenic_data/motifs-v10nr_clust-nr.hgnc-m0.001-o0.0.tbl
Column indices: motif_id=0, gene_name=5, similarity_qvalue=6, ortho_identity=9, description=12
Read 253096 rows, 253096 passed filters
Loaded 177084 motif annotations (27072 unique motifs, 1605 unique TFs)
Loaded motif annotations (filter_for_annotation=True)

Pruning with database 1/2: hg38_500bp_up_100bp_down_full_tx_v10_clust.genes_vs_motifs.rankings

Pruning with database 2/2: hg38_10kbp_up_10kbp_down_full_tx_v10_clust.genes_vs_motifs.rankings

Total regulons before merging: 858
Total regulons after merging: 609
Total regulons after TF merging: 102
  Full run 4/10...
Loaded database 'hg38_500bp_up_100bp_down_full_tx_v10_clust.genes_vs_motifs.rankings': 5876 motifs × 27015 genes
Loaded database 'hg38_10kbp_up_10kbp_down_full_tx_v10_clust.genes_vs_motifs.rankings': 5876 motifs × 27090 genes
Loaded 2 databases
Reading annotation file: flashscenic_data/motifs-v10nr_clust-nr.hgnc-m0.001-o0.0.tbl
Column indices: motif_id=0, gene_name=5, similarity_qvalue=6, ortho_identity=9, description=12
Read 253096 rows, 253096 passed filters
Loaded 177084 motif annotations (27072 unique motifs, 1605 unique TFs)
Loaded motif annotations (filter_for_annotation=True)

Pruning with database 1/2: hg38_500bp_up_100bp_down_full_tx_v10_clust.genes_vs_motifs.rankings

Pruning with database 2/2: hg38_10kbp_up_10kbp_down_full_tx_v10_clust.genes_vs_motifs.rankings

Total regulons before merging: 854
Total regulons after merging: 611
Total regulons after TF merging: 114
  Full run 5/10...
Loaded database 'hg38_500bp_up_100bp_down_full_tx_v10_clust.genes_vs_motifs.rankings': 5876 motifs × 27015 genes
Loaded database 'hg38_10kbp_up_10kbp_down_full_tx_v10_clust.genes_vs_motifs.rankings': 5876 motifs × 27090 genes
Loaded 2 databases
Reading annotation file: flashscenic_data/motifs-v10nr_clust-nr.hgnc-m0.001-o0.0.tbl
Column indices: motif_id=0, gene_name=5, similarity_qvalue=6, ortho_identity=9, description=12
Read 253096 rows, 253096 passed filters
Loaded 177084 motif annotations (27072 unique motifs, 1605 unique TFs)
Loaded motif annotations (filter_for_annotation=True)

Pruning with database 1/2: hg38_500bp_up_100bp_down_full_tx_v10_clust.genes_vs_motifs.rankings

Pruning with database 2/2: hg38_10kbp_up_10kbp_down_full_tx_v10_clust.genes_vs_motifs.rankings

Total regulons before merging: 837
Total regulons after merging: 586
Total regulons after TF merging: 104
  Full run 6/10...
Loaded database 'hg38_500bp_up_100bp_down_full_tx_v10_clust.genes_vs_motifs.rankings': 5876 motifs × 27015 genes
Loaded database 'hg38_10kbp_up_10kbp_down_full_tx_v10_clust.genes_vs_motifs.rankings': 5876 motifs × 27090 genes
Loaded 2 databases
Reading annotation file: flashscenic_data/motifs-v10nr_clust-nr.hgnc-m0.001-o0.0.tbl
Column indices: motif_id=0, gene_name=5, similarity_qvalue=6, ortho_identity=9, description=12
Read 253096 rows, 253096 passed filters
Loaded 177084 motif annotations (27072 unique motifs, 1605 unique TFs)
Loaded motif annotations (filter_for_annotation=True)

Pruning with database 1/2: hg38_500bp_up_100bp_down_full_tx_v10_clust.genes_vs_motifs.rankings

Pruning with database 2/2: hg38_10kbp_up_10kbp_down_full_tx_v10_clust.genes_vs_motifs.rankings

Total regulons before merging: 844
Total regulons after merging: 598
Total regulons after TF merging: 104
  Full run 7/10...
Loaded database 'hg38_500bp_up_100bp_down_full_tx_v10_clust.genes_vs_motifs.rankings': 5876 motifs × 27015 genes
Loaded database 'hg38_10kbp_up_10kbp_down_full_tx_v10_clust.genes_vs_motifs.rankings': 5876 motifs × 27090 genes
Loaded 2 databases
Reading annotation file: flashscenic_data/motifs-v10nr_clust-nr.hgnc-m0.001-o0.0.tbl
Column indices: motif_id=0, gene_name=5, similarity_qvalue=6, ortho_identity=9, description=12
Read 253096 rows, 253096 passed filters
Loaded 177084 motif annotations (27072 unique motifs, 1605 unique TFs)
Loaded motif annotations (filter_for_annotation=True)

Pruning with database 1/2: hg38_500bp_up_100bp_down_full_tx_v10_clust.genes_vs_motifs.rankings

Pruning with database 2/2: hg38_10kbp_up_10kbp_down_full_tx_v10_clust.genes_vs_motifs.rankings

Total regulons before merging: 1008
Total regulons after merging: 702
Total regulons after TF merging: 120
  Full run 8/10...
Loaded database 'hg38_500bp_up_100bp_down_full_tx_v10_clust.genes_vs_motifs.rankings': 5876 motifs × 27015 genes
Loaded database 'hg38_10kbp_up_10kbp_down_full_tx_v10_clust.genes_vs_motifs.rankings': 5876 motifs × 27090 genes
Loaded 2 databases
Reading annotation file: flashscenic_data/motifs-v10nr_clust-nr.hgnc-m0.001-o0.0.tbl
Column indices: motif_id=0, gene_name=5, similarity_qvalue=6, ortho_identity=9, description=12
Read 253096 rows, 253096 passed filters
Loaded 177084 motif annotations (27072 unique motifs, 1605 unique TFs)
Loaded motif annotations (filter_for_annotation=True)

Pruning with database 1/2: hg38_500bp_up_100bp_down_full_tx_v10_clust.genes_vs_motifs.rankings

Pruning with database 2/2: hg38_10kbp_up_10kbp_down_full_tx_v10_clust.genes_vs_motifs.rankings

Total regulons before merging: 888
Total regulons after merging: 616
Total regulons after TF merging: 111
  Full run 9/10...
Loaded database 'hg38_500bp_up_100bp_down_full_tx_v10_clust.genes_vs_motifs.rankings': 5876 motifs × 27015 genes
Loaded database 'hg38_10kbp_up_10kbp_down_full_tx_v10_clust.genes_vs_motifs.rankings': 5876 motifs × 27090 genes
Loaded 2 databases
Reading annotation file: flashscenic_data/motifs-v10nr_clust-nr.hgnc-m0.001-o0.0.tbl
Column indices: motif_id=0, gene_name=5, similarity_qvalue=6, ortho_identity=9, description=12
Read 253096 rows, 253096 passed filters
Loaded 177084 motif annotations (27072 unique motifs, 1605 unique TFs)
Loaded motif annotations (filter_for_annotation=True)

Pruning with database 1/2: hg38_500bp_up_100bp_down_full_tx_v10_clust.genes_vs_motifs.rankings

Pruning with database 2/2: hg38_10kbp_up_10kbp_down_full_tx_v10_clust.genes_vs_motifs.rankings

Total regulons before merging: 899
Total regulons after merging: 611
Total regulons after TF merging: 112
  Full run 10/10...
Loaded database 'hg38_500bp_up_100bp_down_full_tx_v10_clust.genes_vs_motifs.rankings': 5876 motifs × 27015 genes
Loaded database 'hg38_10kbp_up_10kbp_down_full_tx_v10_clust.genes_vs_motifs.rankings': 5876 motifs × 27090 genes
Loaded 2 databases
Reading annotation file: flashscenic_data/motifs-v10nr_clust-nr.hgnc-m0.001-o0.0.tbl
Column indices: motif_id=0, gene_name=5, similarity_qvalue=6, ortho_identity=9, description=12
Read 253096 rows, 253096 passed filters
Loaded 177084 motif annotations (27072 unique motifs, 1605 unique TFs)
Loaded motif annotations (filter_for_annotation=True)

Pruning with database 1/2: hg38_500bp_up_100bp_down_full_tx_v10_clust.genes_vs_motifs.rankings

Pruning with database 2/2: hg38_10kbp_up_10kbp_down_full_tx_v10_clust.genes_vs_motifs.rankings

Total regulons before merging: 916
Total regulons after merging: 630
Total regulons after TF merging: 114
  k=2...
Loaded database 'hg38_500bp_up_100bp_down_full_tx_v10_clust.genes_vs_motifs.rankings': 5876 motifs × 27015 genes
Loaded database 'hg38_10kbp_up_10kbp_down_full_tx_v10_clust.genes_vs_motifs.rankings': 5876 motifs × 27090 genes
Loaded 2 databases
Reading annotation file: flashscenic_data/motifs-v10nr_clust-nr.hgnc-m0.001-o0.0.tbl
Column indices: motif_id=0, gene_name=5, similarity_qvalue=6, ortho_identity=9, description=12
Read 253096 rows, 253096 passed filters
Loaded 177084 motif annotations (27072 unique motifs, 1605 unique TFs)
Loaded motif annotations (filter_for_annotation=True)

Pruning with database 1/2: hg38_500bp_up_100bp_down_full_tx_v10_clust.genes_vs_motifs.rankings

Pruning with database 2/2: hg38_10kbp_up_10kbp_down_full_tx_v10_clust.genes_vs_motifs.rankings

Total regulons before merging: 808
Total regulons after merging: 560
Total regulons after TF merging: 107
  k=3...
Loaded database 'hg38_500bp_up_100bp_down_full_tx_v10_clust.genes_vs_motifs.rankings': 5876 motifs × 27015 genes
Loaded database 'hg38_10kbp_up_10kbp_down_full_tx_v10_clust.genes_vs_motifs.rankings': 5876 motifs × 27090 genes
Loaded 2 databases
Reading annotation file: flashscenic_data/motifs-v10nr_clust-nr.hgnc-m0.001-o0.0.tbl
Column indices: motif_id=0, gene_name=5, similarity_qvalue=6, ortho_identity=9, description=12
Read 253096 rows, 253096 passed filters
Loaded 177084 motif annotations (27072 unique motifs, 1605 unique TFs)
Loaded motif annotations (filter_for_annotation=True)

Pruning with database 1/2: hg38_500bp_up_100bp_down_full_tx_v10_clust.genes_vs_motifs.rankings

Pruning with database 2/2: hg38_10kbp_up_10kbp_down_full_tx_v10_clust.genes_vs_motifs.rankings

Total regulons before merging: 795
Total regulons after merging: 554
Total regulons after TF merging: 103
  k=4...
Loaded database 'hg38_500bp_up_100bp_down_full_tx_v10_clust.genes_vs_motifs.rankings': 5876 motifs × 27015 genes
Loaded database 'hg38_10kbp_up_10kbp_down_full_tx_v10_clust.genes_vs_motifs.rankings': 5876 motifs × 27090 genes
Loaded 2 databases
Reading annotation file: flashscenic_data/motifs-v10nr_clust-nr.hgnc-m0.001-o0.0.tbl
Column indices: motif_id=0, gene_name=5, similarity_qvalue=6, ortho_identity=9, description=12
Read 253096 rows, 253096 passed filters
Loaded 177084 motif annotations (27072 unique motifs, 1605 unique TFs)
Loaded motif annotations (filter_for_annotation=True)

Pruning with database 1/2: hg38_500bp_up_100bp_down_full_tx_v10_clust.genes_vs_motifs.rankings

Pruning with database 2/2: hg38_10kbp_up_10kbp_down_full_tx_v10_clust.genes_vs_motifs.rankings

Total regulons before merging: 786
Total regulons after merging: 558
Total regulons after TF merging: 106
  k=5...
Loaded database 'hg38_500bp_up_100bp_down_full_tx_v10_clust.genes_vs_motifs.rankings': 5876 motifs × 27015 genes
Loaded database 'hg38_10kbp_up_10kbp_down_full_tx_v10_clust.genes_vs_motifs.rankings': 5876 motifs × 27090 genes
Loaded 2 databases
Reading annotation file: flashscenic_data/motifs-v10nr_clust-nr.hgnc-m0.001-o0.0.tbl
Column indices: motif_id=0, gene_name=5, similarity_qvalue=6, ortho_identity=9, description=12
Read 253096 rows, 253096 passed filters
Loaded 177084 motif annotations (27072 unique motifs, 1605 unique TFs)
Loaded motif annotations (filter_for_annotation=True)

Pruning with database 1/2: hg38_500bp_up_100bp_down_full_tx_v10_clust.genes_vs_motifs.rankings

Pruning with database 2/2: hg38_10kbp_up_10kbp_down_full_tx_v10_clust.genes_vs_motifs.rankings

Total regulons before merging: 782
Total regulons after merging: 543
Total regulons after TF merging: 102
  k=6...
Loaded database 'hg38_500bp_up_100bp_down_full_tx_v10_clust.genes_vs_motifs.rankings': 5876 motifs × 27015 genes
Loaded database 'hg38_10kbp_up_10kbp_down_full_tx_v10_clust.genes_vs_motifs.rankings': 5876 motifs × 27090 genes
Loaded 2 databases
Reading annotation file: flashscenic_data/motifs-v10nr_clust-nr.hgnc-m0.001-o0.0.tbl
Column indices: motif_id=0, gene_name=5, similarity_qvalue=6, ortho_identity=9, description=12
Read 253096 rows, 253096 passed filters
Loaded 177084 motif annotations (27072 unique motifs, 1605 unique TFs)
Loaded motif annotations (filter_for_annotation=True)

Pruning with database 1/2: hg38_500bp_up_100bp_down_full_tx_v10_clust.genes_vs_motifs.rankings

Pruning with database 2/2: hg38_10kbp_up_10kbp_down_full_tx_v10_clust.genes_vs_motifs.rankings

Total regulons before merging: 803
Total regulons after merging: 566
Total regulons after TF merging: 102
  k=7...
Loaded database 'hg38_500bp_up_100bp_down_full_tx_v10_clust.genes_vs_motifs.rankings': 5876 motifs × 27015 genes
Loaded database 'hg38_10kbp_up_10kbp_down_full_tx_v10_clust.genes_vs_motifs.rankings': 5876 motifs × 27090 genes
Loaded 2 databases
Reading annotation file: flashscenic_data/motifs-v10nr_clust-nr.hgnc-m0.001-o0.0.tbl
Column indices: motif_id=0, gene_name=5, similarity_qvalue=6, ortho_identity=9, description=12
Read 253096 rows, 253096 passed filters
Loaded 177084 motif annotations (27072 unique motifs, 1605 unique TFs)
Loaded motif annotations (filter_for_annotation=True)

Pruning with database 1/2: hg38_500bp_up_100bp_down_full_tx_v10_clust.genes_vs_motifs.rankings

Pruning with database 2/2: hg38_10kbp_up_10kbp_down_full_tx_v10_clust.genes_vs_motifs.rankings

Total regulons before merging: 833
Total regulons after merging: 578
Total regulons after TF merging: 102
  k=8...
Loaded database 'hg38_500bp_up_100bp_down_full_tx_v10_clust.genes_vs_motifs.rankings': 5876 motifs × 27015 genes
Loaded database 'hg38_10kbp_up_10kbp_down_full_tx_v10_clust.genes_vs_motifs.rankings': 5876 motifs × 27090 genes
Loaded 2 databases
Reading annotation file: flashscenic_data/motifs-v10nr_clust-nr.hgnc-m0.001-o0.0.tbl
Column indices: motif_id=0, gene_name=5, similarity_qvalue=6, ortho_identity=9, description=12
Read 253096 rows, 253096 passed filters
Loaded 177084 motif annotations (27072 unique motifs, 1605 unique TFs)
Loaded motif annotations (filter_for_annotation=True)

Pruning with database 1/2: hg38_500bp_up_100bp_down_full_tx_v10_clust.genes_vs_motifs.rankings

Pruning with database 2/2: hg38_10kbp_up_10kbp_down_full_tx_v10_clust.genes_vs_motifs.rankings

Total regulons before merging: 791
Total regulons after merging: 539
Total regulons after TF merging: 103
  k=9...
Loaded database 'hg38_500bp_up_100bp_down_full_tx_v10_clust.genes_vs_motifs.rankings': 5876 motifs × 27015 genes
Loaded database 'hg38_10kbp_up_10kbp_down_full_tx_v10_clust.genes_vs_motifs.rankings': 5876 motifs × 27090 genes
Loaded 2 databases
Reading annotation file: flashscenic_data/motifs-v10nr_clust-nr.hgnc-m0.001-o0.0.tbl
Column indices: motif_id=0, gene_name=5, similarity_qvalue=6, ortho_identity=9, description=12
Read 253096 rows, 253096 passed filters
Loaded 177084 motif annotations (27072 unique motifs, 1605 unique TFs)
Loaded motif annotations (filter_for_annotation=True)

Pruning with database 1/2: hg38_500bp_up_100bp_down_full_tx_v10_clust.genes_vs_motifs.rankings

Pruning with database 2/2: hg38_10kbp_up_10kbp_down_full_tx_v10_clust.genes_vs_motifs.rankings

Total regulons before merging: 791
Total regulons after merging: 548
Total regulons after TF merging: 103
  k=10...
Loaded database 'hg38_500bp_up_100bp_down_full_tx_v10_clust.genes_vs_motifs.rankings': 5876 motifs × 27015 genes
Loaded database 'hg38_10kbp_up_10kbp_down_full_tx_v10_clust.genes_vs_motifs.rankings': 5876 motifs × 27090 genes
Loaded 2 databases
Reading annotation file: flashscenic_data/motifs-v10nr_clust-nr.hgnc-m0.001-o0.0.tbl
Column indices: motif_id=0, gene_name=5, similarity_qvalue=6, ortho_identity=9, description=12
Read 253096 rows, 253096 passed filters
Loaded 177084 motif annotations (27072 unique motifs, 1605 unique TFs)
Loaded motif annotations (filter_for_annotation=True)

Pruning with database 1/2: hg38_500bp_up_100bp_down_full_tx_v10_clust.genes_vs_motifs.rankings

Pruning with database 2/2: hg38_10kbp_up_10kbp_down_full_tx_v10_clust.genes_vs_motifs.rankings

Total regulons before merging: 844
Total regulons after merging: 576
Total regulons after TF merging: 105
Saved /orcd/data/omarabu/001/gonzalo/flashscenic_2/flashscenic/experiments/robustness/results/2026-03-26_17-24-32/figures/exp3_aucell_stability.pdf
      Done. → /orcd/data/omarabu/001/gonzalo/flashscenic_2/flashscenic/experiments/robustness/results/2026-03-26_17-24-32/figures/exp3_aucell_stability.pdf

============================================================
All experiments complete. Figures saved to:
  /orcd/data/omarabu/001/gonzalo/flashscenic_2/flashscenic/experiments/robustness/results/2026-03-26_17-24-32/figures
============================================================
