[config] Reading paths from config.py...
  PREPROCESSED_PATH : /orcd/data/omarabu/001/gonzalo/flashscenic_2/flashscenic/experiments/robustness/results/als_preprocessed.h5ad
  GRN_DATA_PATH     : /orcd/data/omarabu/001/gonzalo/flashscenic_2/flashscenic/experiments/robustness/results/als_grn_subsample.h5ad
  RUN_DIR           : /orcd/data/omarabu/001/gonzalo/flashscenic_2/flashscenic/experiments/robustness/results/2026-03-26_16-55-28
  FIGURES_DIR       : /orcd/data/omarabu/001/gonzalo/flashscenic_2/flashscenic/experiments/robustness/results/2026-03-26_16-55-28/figures
  SPECIES           : human
  N_RUNS            : 5
  N_STEPS           : 1000
  DEVICE            : cuda

[1/4] Preprocessing outputs already exist — skipping.
      /orcd/data/omarabu/001/gonzalo/flashscenic_2/flashscenic/experiments/robustness/results/als_preprocessed.h5ad
      /orcd/data/omarabu/001/gonzalo/flashscenic_2/flashscenic/experiments/robustness/results/als_grn_subsample.h5ad

[2/4] Experiment 1: Bland-Altman adjacency deviation...
Loading /orcd/data/omarabu/001/gonzalo/flashscenic_2/flashscenic/experiments/robustness/results/als_grn_subsample.h5ad...
  62711 cells × 6000 genes
Running RegDiffusion 5 times...
  GRN run 1/5...
  GRN run 2/5...
  GRN run 3/5...
  GRN run 4/5...
  GRN run 5/5...
Saved /orcd/data/omarabu/001/gonzalo/flashscenic_2/flashscenic/experiments/robustness/results/2026-03-26_16-55-28/figures/exp1_bland_altman.pdf
      Done. → /orcd/data/omarabu/001/gonzalo/flashscenic_2/flashscenic/experiments/robustness/results/2026-03-26_16-55-28/figures/exp1_bland_altman.pdf

[3/4] Experiment 2: Regulon set Jaccard convergence...
Loading /orcd/data/omarabu/001/gonzalo/flashscenic_2/flashscenic/experiments/robustness/results/als_grn_subsample.h5ad...
  62711 cells × 6000 genes
Preparing resources...
Downloading scenic/human/v10 resources to flashscenic_data/
  [Human TF list (hg38)] Already cached: allTFs_hg38.txt
  [Human 500bp/100bp ranking database (v10)] Already cached: hg38_500bp_up_100bp_down_full_tx_v10_clust.genes_vs_motifs.rankings.feather
  [Human 10kbp ranking database (v10)] Already cached: hg38_10kbp_up_10kbp_down_full_tx_v10_clust.genes_vs_motifs.rankings.feather
  [Human motif annotations (v10)] Already cached: motifs-v10nr_clust-nr.hgnc-m0.001-o0.0.tbl
Download complete.
Running multi_run_flashscenic (5 runs, mean-adj strategy)...
Loaded database 'hg38_500bp_up_100bp_down_full_tx_v10_clust.genes_vs_motifs.rankings': 5876 motifs × 27015 genes
Loaded database 'hg38_10kbp_up_10kbp_down_full_tx_v10_clust.genes_vs_motifs.rankings': 5876 motifs × 27090 genes
Loaded 2 databases
Reading annotation file: flashscenic_data/motifs-v10nr_clust-nr.hgnc-m0.001-o0.0.tbl
Column indices: motif_id=0, gene_name=5, similarity_qvalue=6, ortho_identity=9, description=12
Read 253096 rows, 253096 passed filters
Loaded 177084 motif annotations (27072 unique motifs, 1605 unique TFs)
Loaded motif annotations (filter_for_annotation=True)

Pruning with database 1/2: hg38_500bp_up_100bp_down_full_tx_v10_clust.genes_vs_motifs.rankings

Pruning with database 2/2: hg38_10kbp_up_10kbp_down_full_tx_v10_clust.genes_vs_motifs.rankings

Total regulons before merging: 880
Total regulons after merging: 590
Total regulons after TF merging: 100
Running full pipeline 5 times (freq-baseline strategy)...
  Full run 1/5...
Loaded database 'hg38_500bp_up_100bp_down_full_tx_v10_clust.genes_vs_motifs.rankings': 5876 motifs × 27015 genes
Loaded database 'hg38_10kbp_up_10kbp_down_full_tx_v10_clust.genes_vs_motifs.rankings': 5876 motifs × 27090 genes
Loaded 2 databases
Reading annotation file: flashscenic_data/motifs-v10nr_clust-nr.hgnc-m0.001-o0.0.tbl
Column indices: motif_id=0, gene_name=5, similarity_qvalue=6, ortho_identity=9, description=12
Read 253096 rows, 253096 passed filters
Loaded 177084 motif annotations (27072 unique motifs, 1605 unique TFs)
Loaded motif annotations (filter_for_annotation=True)

Pruning with database 1/2: hg38_500bp_up_100bp_down_full_tx_v10_clust.genes_vs_motifs.rankings

Pruning with database 2/2: hg38_10kbp_up_10kbp_down_full_tx_v10_clust.genes_vs_motifs.rankings

Total regulons before merging: 867
Total regulons after merging: 582
Total regulons after TF merging: 111
  Full run 2/5...
Loaded database 'hg38_500bp_up_100bp_down_full_tx_v10_clust.genes_vs_motifs.rankings': 5876 motifs × 27015 genes
Loaded database 'hg38_10kbp_up_10kbp_down_full_tx_v10_clust.genes_vs_motifs.rankings': 5876 motifs × 27090 genes
Loaded 2 databases
Reading annotation file: flashscenic_data/motifs-v10nr_clust-nr.hgnc-m0.001-o0.0.tbl
Column indices: motif_id=0, gene_name=5, similarity_qvalue=6, ortho_identity=9, description=12
Read 253096 rows, 253096 passed filters
Loaded 177084 motif annotations (27072 unique motifs, 1605 unique TFs)
Loaded motif annotations (filter_for_annotation=True)

Pruning with database 1/2: hg38_500bp_up_100bp_down_full_tx_v10_clust.genes_vs_motifs.rankings

Pruning with database 2/2: hg38_10kbp_up_10kbp_down_full_tx_v10_clust.genes_vs_motifs.rankings

Total regulons before merging: 869
Total regulons after merging: 620
Total regulons after TF merging: 104
  Full run 3/5...
Loaded database 'hg38_500bp_up_100bp_down_full_tx_v10_clust.genes_vs_motifs.rankings': 5876 motifs × 27015 genes
Loaded database 'hg38_10kbp_up_10kbp_down_full_tx_v10_clust.genes_vs_motifs.rankings': 5876 motifs × 27090 genes
Loaded 2 databases
Reading annotation file: flashscenic_data/motifs-v10nr_clust-nr.hgnc-m0.001-o0.0.tbl
Column indices: motif_id=0, gene_name=5, similarity_qvalue=6, ortho_identity=9, description=12
Read 253096 rows, 253096 passed filters
Loaded 177084 motif annotations (27072 unique motifs, 1605 unique TFs)
Loaded motif annotations (filter_for_annotation=True)

Pruning with database 1/2: hg38_500bp_up_100bp_down_full_tx_v10_clust.genes_vs_motifs.rankings

Pruning with database 2/2: hg38_10kbp_up_10kbp_down_full_tx_v10_clust.genes_vs_motifs.rankings

Total regulons before merging: 913
Total regulons after merging: 626
Total regulons after TF merging: 103
  Full run 4/5...
Loaded database 'hg38_500bp_up_100bp_down_full_tx_v10_clust.genes_vs_motifs.rankings': 5876 motifs × 27015 genes
Loaded database 'hg38_10kbp_up_10kbp_down_full_tx_v10_clust.genes_vs_motifs.rankings': 5876 motifs × 27090 genes
Loaded 2 databases
Reading annotation file: flashscenic_data/motifs-v10nr_clust-nr.hgnc-m0.001-o0.0.tbl
Column indices: motif_id=0, gene_name=5, similarity_qvalue=6, ortho_identity=9, description=12
Read 253096 rows, 253096 passed filters
Loaded 177084 motif annotations (27072 unique motifs, 1605 unique TFs)
Loaded motif annotations (filter_for_annotation=True)

Pruning with database 1/2: hg38_500bp_up_100bp_down_full_tx_v10_clust.genes_vs_motifs.rankings

Pruning with database 2/2: hg38_10kbp_up_10kbp_down_full_tx_v10_clust.genes_vs_motifs.rankings

Total regulons before merging: 821
Total regulons after merging: 552
Total regulons after TF merging: 96
  Full run 5/5...
Loaded database 'hg38_500bp_up_100bp_down_full_tx_v10_clust.genes_vs_motifs.rankings': 5876 motifs × 27015 genes
Loaded database 'hg38_10kbp_up_10kbp_down_full_tx_v10_clust.genes_vs_motifs.rankings': 5876 motifs × 27090 genes
Loaded 2 databases
Reading annotation file: flashscenic_data/motifs-v10nr_clust-nr.hgnc-m0.001-o0.0.tbl
Column indices: motif_id=0, gene_name=5, similarity_qvalue=6, ortho_identity=9, description=12
Read 253096 rows, 253096 passed filters
Loaded 177084 motif annotations (27072 unique motifs, 1605 unique TFs)
Loaded motif annotations (filter_for_annotation=True)

Pruning with database 1/2: hg38_500bp_up_100bp_down_full_tx_v10_clust.genes_vs_motifs.rankings

Pruning with database 2/2: hg38_10kbp_up_10kbp_down_full_tx_v10_clust.genes_vs_motifs.rankings

Total regulons before merging: 919
Total regulons after merging: 646
Total regulons after TF merging: 105

Reference regulon set sizes at k=5:
  mean-adj:       15966 TF-gene pairs
  freq-baseline:  13966 TF-gene pairs
  k=2...
Loaded database 'hg38_500bp_up_100bp_down_full_tx_v10_clust.genes_vs_motifs.rankings': 5876 motifs × 27015 genes
Loaded database 'hg38_10kbp_up_10kbp_down_full_tx_v10_clust.genes_vs_motifs.rankings': 5876 motifs × 27090 genes
Loaded 2 databases
Reading annotation file: flashscenic_data/motifs-v10nr_clust-nr.hgnc-m0.001-o0.0.tbl
Column indices: motif_id=0, gene_name=5, similarity_qvalue=6, ortho_identity=9, description=12
Read 253096 rows, 253096 passed filters
Loaded 177084 motif annotations (27072 unique motifs, 1605 unique TFs)
Loaded motif annotations (filter_for_annotation=True)

Pruning with database 1/2: hg38_500bp_up_100bp_down_full_tx_v10_clust.genes_vs_motifs.rankings

Pruning with database 2/2: hg38_10kbp_up_10kbp_down_full_tx_v10_clust.genes_vs_motifs.rankings

Total regulons before merging: 863
Total regulons after merging: 578
Total regulons after TF merging: 106
  k=3...
Loaded database 'hg38_500bp_up_100bp_down_full_tx_v10_clust.genes_vs_motifs.rankings': 5876 motifs × 27015 genes
Loaded database 'hg38_10kbp_up_10kbp_down_full_tx_v10_clust.genes_vs_motifs.rankings': 5876 motifs × 27090 genes
Loaded 2 databases
Reading annotation file: flashscenic_data/motifs-v10nr_clust-nr.hgnc-m0.001-o0.0.tbl
Column indices: motif_id=0, gene_name=5, similarity_qvalue=6, ortho_identity=9, description=12
Read 253096 rows, 253096 passed filters
Loaded 177084 motif annotations (27072 unique motifs, 1605 unique TFs)
Loaded motif annotations (filter_for_annotation=True)

Pruning with database 1/2: hg38_500bp_up_100bp_down_full_tx_v10_clust.genes_vs_motifs.rankings

Pruning with database 2/2: hg38_10kbp_up_10kbp_down_full_tx_v10_clust.genes_vs_motifs.rankings

Total regulons before merging: 877
Total regulons after merging: 584
Total regulons after TF merging: 103
  k=4...
Loaded database 'hg38_500bp_up_100bp_down_full_tx_v10_clust.genes_vs_motifs.rankings': 5876 motifs × 27015 genes
Loaded database 'hg38_10kbp_up_10kbp_down_full_tx_v10_clust.genes_vs_motifs.rankings': 5876 motifs × 27090 genes
Loaded 2 databases
Reading annotation file: flashscenic_data/motifs-v10nr_clust-nr.hgnc-m0.001-o0.0.tbl
Column indices: motif_id=0, gene_name=5, similarity_qvalue=6, ortho_identity=9, description=12
Read 253096 rows, 253096 passed filters
Loaded 177084 motif annotations (27072 unique motifs, 1605 unique TFs)
Loaded motif annotations (filter_for_annotation=True)

Pruning with database 1/2: hg38_500bp_up_100bp_down_full_tx_v10_clust.genes_vs_motifs.rankings

Pruning with database 2/2: hg38_10kbp_up_10kbp_down_full_tx_v10_clust.genes_vs_motifs.rankings

Total regulons before merging: 872
Total regulons after merging: 595
Total regulons after TF merging: 105
  k=5...
Loaded database 'hg38_500bp_up_100bp_down_full_tx_v10_clust.genes_vs_motifs.rankings': 5876 motifs × 27015 genes
Loaded database 'hg38_10kbp_up_10kbp_down_full_tx_v10_clust.genes_vs_motifs.rankings': 5876 motifs × 27090 genes
Loaded 2 databases
Reading annotation file: flashscenic_data/motifs-v10nr_clust-nr.hgnc-m0.001-o0.0.tbl
Column indices: motif_id=0, gene_name=5, similarity_qvalue=6, ortho_identity=9, description=12
Read 253096 rows, 253096 passed filters
Loaded 177084 motif annotations (27072 unique motifs, 1605 unique TFs)
Loaded motif annotations (filter_for_annotation=True)

Pruning with database 1/2: hg38_500bp_up_100bp_down_full_tx_v10_clust.genes_vs_motifs.rankings

Pruning with database 2/2: hg38_10kbp_up_10kbp_down_full_tx_v10_clust.genes_vs_motifs.rankings

Total regulons before merging: 880
Total regulons after merging: 590
Total regulons after TF merging: 100
Saved /orcd/data/omarabu/001/gonzalo/flashscenic_2/flashscenic/experiments/robustness/results/2026-03-26_16-55-28/figures/exp2_jaccard_convergence.pdf
      Done. → /orcd/data/omarabu/001/gonzalo/flashscenic_2/flashscenic/experiments/robustness/results/2026-03-26_16-55-28/figures/exp2_jaccard_convergence.pdf

[4/4] Experiment 3: AUCell score Spearman stability...
Loading /orcd/data/omarabu/001/gonzalo/flashscenic_2/flashscenic/experiments/robustness/results/als_grn_subsample.h5ad...
  62711 cells × 6000 genes
Preparing resources...
Downloading scenic/human/v10 resources to flashscenic_data/
  [Human TF list (hg38)] Already cached: allTFs_hg38.txt
  [Human 500bp/100bp ranking database (v10)] Already cached: hg38_500bp_up_100bp_down_full_tx_v10_clust.genes_vs_motifs.rankings.feather
  [Human 10kbp ranking database (v10)] Already cached: hg38_10kbp_up_10kbp_down_full_tx_v10_clust.genes_vs_motifs.rankings.feather
  [Human motif annotations (v10)] Already cached: motifs-v10nr_clust-nr.hgnc-m0.001-o0.0.tbl
Download complete.
Running multi_run_flashscenic (5 runs, mean-adj strategy)...
Loaded database 'hg38_500bp_up_100bp_down_full_tx_v10_clust.genes_vs_motifs.rankings': 5876 motifs × 27015 genes
Loaded database 'hg38_10kbp_up_10kbp_down_full_tx_v10_clust.genes_vs_motifs.rankings': 5876 motifs × 27090 genes
Loaded 2 databases
Reading annotation file: flashscenic_data/motifs-v10nr_clust-nr.hgnc-m0.001-o0.0.tbl
Column indices: motif_id=0, gene_name=5, similarity_qvalue=6, ortho_identity=9, description=12
Read 253096 rows, 253096 passed filters
Loaded 177084 motif annotations (27072 unique motifs, 1605 unique TFs)
Loaded motif annotations (filter_for_annotation=True)

Pruning with database 1/2: hg38_500bp_up_100bp_down_full_tx_v10_clust.genes_vs_motifs.rankings

Pruning with database 2/2: hg38_10kbp_up_10kbp_down_full_tx_v10_clust.genes_vs_motifs.rankings

Total regulons before merging: 899
Total regulons after merging: 615
Total regulons after TF merging: 99
Running full pipeline 5 times (freq-baseline)...
  Full run 1/5...
Loaded database 'hg38_500bp_up_100bp_down_full_tx_v10_clust.genes_vs_motifs.rankings': 5876 motifs × 27015 genes
Loaded database 'hg38_10kbp_up_10kbp_down_full_tx_v10_clust.genes_vs_motifs.rankings': 5876 motifs × 27090 genes
Loaded 2 databases
Reading annotation file: flashscenic_data/motifs-v10nr_clust-nr.hgnc-m0.001-o0.0.tbl
Column indices: motif_id=0, gene_name=5, similarity_qvalue=6, ortho_identity=9, description=12
Read 253096 rows, 253096 passed filters
Loaded 177084 motif annotations (27072 unique motifs, 1605 unique TFs)
Loaded motif annotations (filter_for_annotation=True)

Pruning with database 1/2: hg38_500bp_up_100bp_down_full_tx_v10_clust.genes_vs_motifs.rankings

Pruning with database 2/2: hg38_10kbp_up_10kbp_down_full_tx_v10_clust.genes_vs_motifs.rankings

Total regulons before merging: 860
Total regulons after merging: 587
Total regulons after TF merging: 102
  Full run 2/5...
Loaded database 'hg38_500bp_up_100bp_down_full_tx_v10_clust.genes_vs_motifs.rankings': 5876 motifs × 27015 genes
Loaded database 'hg38_10kbp_up_10kbp_down_full_tx_v10_clust.genes_vs_motifs.rankings': 5876 motifs × 27090 genes
Loaded 2 databases
Reading annotation file: flashscenic_data/motifs-v10nr_clust-nr.hgnc-m0.001-o0.0.tbl
Column indices: motif_id=0, gene_name=5, similarity_qvalue=6, ortho_identity=9, description=12
Read 253096 rows, 253096 passed filters
Loaded 177084 motif annotations (27072 unique motifs, 1605 unique TFs)
Loaded motif annotations (filter_for_annotation=True)

Pruning with database 1/2: hg38_500bp_up_100bp_down_full_tx_v10_clust.genes_vs_motifs.rankings

Pruning with database 2/2: hg38_10kbp_up_10kbp_down_full_tx_v10_clust.genes_vs_motifs.rankings

Total regulons before merging: 869
Total regulons after merging: 608
Total regulons after TF merging: 106
  Full run 3/5...
Loaded database 'hg38_500bp_up_100bp_down_full_tx_v10_clust.genes_vs_motifs.rankings': 5876 motifs × 27015 genes
Loaded database 'hg38_10kbp_up_10kbp_down_full_tx_v10_clust.genes_vs_motifs.rankings': 5876 motifs × 27090 genes
Loaded 2 databases
Reading annotation file: flashscenic_data/motifs-v10nr_clust-nr.hgnc-m0.001-o0.0.tbl
Column indices: motif_id=0, gene_name=5, similarity_qvalue=6, ortho_identity=9, description=12
Read 253096 rows, 253096 passed filters
Loaded 177084 motif annotations (27072 unique motifs, 1605 unique TFs)
Loaded motif annotations (filter_for_annotation=True)

Pruning with database 1/2: hg38_500bp_up_100bp_down_full_tx_v10_clust.genes_vs_motifs.rankings

Pruning with database 2/2: hg38_10kbp_up_10kbp_down_full_tx_v10_clust.genes_vs_motifs.rankings

Total regulons before merging: 809
Total regulons after merging: 555
Total regulons after TF merging: 117
  Full run 4/5...
Loaded database 'hg38_500bp_up_100bp_down_full_tx_v10_clust.genes_vs_motifs.rankings': 5876 motifs × 27015 genes
Loaded database 'hg38_10kbp_up_10kbp_down_full_tx_v10_clust.genes_vs_motifs.rankings': 5876 motifs × 27090 genes
Loaded 2 databases
Reading annotation file: flashscenic_data/motifs-v10nr_clust-nr.hgnc-m0.001-o0.0.tbl
Column indices: motif_id=0, gene_name=5, similarity_qvalue=6, ortho_identity=9, description=12
Read 253096 rows, 253096 passed filters
Loaded 177084 motif annotations (27072 unique motifs, 1605 unique TFs)
Loaded motif annotations (filter_for_annotation=True)

Pruning with database 1/2: hg38_500bp_up_100bp_down_full_tx_v10_clust.genes_vs_motifs.rankings

Pruning with database 2/2: hg38_10kbp_up_10kbp_down_full_tx_v10_clust.genes_vs_motifs.rankings

Total regulons before merging: 892
Total regulons after merging: 615
Total regulons after TF merging: 107
  Full run 5/5...
Loaded database 'hg38_500bp_up_100bp_down_full_tx_v10_clust.genes_vs_motifs.rankings': 5876 motifs × 27015 genes
Loaded database 'hg38_10kbp_up_10kbp_down_full_tx_v10_clust.genes_vs_motifs.rankings': 5876 motifs × 27090 genes
Loaded 2 databases
Reading annotation file: flashscenic_data/motifs-v10nr_clust-nr.hgnc-m0.001-o0.0.tbl
Column indices: motif_id=0, gene_name=5, similarity_qvalue=6, ortho_identity=9, description=12
Read 253096 rows, 253096 passed filters
Loaded 177084 motif annotations (27072 unique motifs, 1605 unique TFs)
Loaded motif annotations (filter_for_annotation=True)

Pruning with database 1/2: hg38_500bp_up_100bp_down_full_tx_v10_clust.genes_vs_motifs.rankings

Pruning with database 2/2: hg38_10kbp_up_10kbp_down_full_tx_v10_clust.genes_vs_motifs.rankings

Total regulons before merging: 846
Total regulons after merging: 582
Total regulons after TF merging: 109
  k=2...
Loaded database 'hg38_500bp_up_100bp_down_full_tx_v10_clust.genes_vs_motifs.rankings': 5876 motifs × 27015 genes
Loaded database 'hg38_10kbp_up_10kbp_down_full_tx_v10_clust.genes_vs_motifs.rankings': 5876 motifs × 27090 genes
Loaded 2 databases
Reading annotation file: flashscenic_data/motifs-v10nr_clust-nr.hgnc-m0.001-o0.0.tbl
Column indices: motif_id=0, gene_name=5, similarity_qvalue=6, ortho_identity=9, description=12
Read 253096 rows, 253096 passed filters
Loaded 177084 motif annotations (27072 unique motifs, 1605 unique TFs)
Loaded motif annotations (filter_for_annotation=True)

Pruning with database 1/2: hg38_500bp_up_100bp_down_full_tx_v10_clust.genes_vs_motifs.rankings

Pruning with database 2/2: hg38_10kbp_up_10kbp_down_full_tx_v10_clust.genes_vs_motifs.rankings

Total regulons before merging: 861
Total regulons after merging: 589
Total regulons after TF merging: 101
  k=3...
Loaded database 'hg38_500bp_up_100bp_down_full_tx_v10_clust.genes_vs_motifs.rankings': 5876 motifs × 27015 genes
Loaded database 'hg38_10kbp_up_10kbp_down_full_tx_v10_clust.genes_vs_motifs.rankings': 5876 motifs × 27090 genes
Loaded 2 databases
Reading annotation file: flashscenic_data/motifs-v10nr_clust-nr.hgnc-m0.001-o0.0.tbl
Column indices: motif_id=0, gene_name=5, similarity_qvalue=6, ortho_identity=9, description=12
Read 253096 rows, 253096 passed filters
Loaded 177084 motif annotations (27072 unique motifs, 1605 unique TFs)
Loaded motif annotations (filter_for_annotation=True)

Pruning with database 1/2: hg38_500bp_up_100bp_down_full_tx_v10_clust.genes_vs_motifs.rankings

Pruning with database 2/2: hg38_10kbp_up_10kbp_down_full_tx_v10_clust.genes_vs_motifs.rankings

Total regulons before merging: 847
Total regulons after merging: 575
Total regulons after TF merging: 108
  k=4...
Loaded database 'hg38_500bp_up_100bp_down_full_tx_v10_clust.genes_vs_motifs.rankings': 5876 motifs × 27015 genes
Loaded database 'hg38_10kbp_up_10kbp_down_full_tx_v10_clust.genes_vs_motifs.rankings': 5876 motifs × 27090 genes
Loaded 2 databases
Reading annotation file: flashscenic_data/motifs-v10nr_clust-nr.hgnc-m0.001-o0.0.tbl
Column indices: motif_id=0, gene_name=5, similarity_qvalue=6, ortho_identity=9, description=12
Read 253096 rows, 253096 passed filters
Loaded 177084 motif annotations (27072 unique motifs, 1605 unique TFs)
Loaded motif annotations (filter_for_annotation=True)

Pruning with database 1/2: hg38_500bp_up_100bp_down_full_tx_v10_clust.genes_vs_motifs.rankings

Pruning with database 2/2: hg38_10kbp_up_10kbp_down_full_tx_v10_clust.genes_vs_motifs.rankings

Total regulons before merging: 931
Total regulons after merging: 654
Total regulons after TF merging: 102
  k=5...
Loaded database 'hg38_500bp_up_100bp_down_full_tx_v10_clust.genes_vs_motifs.rankings': 5876 motifs × 27015 genes
Loaded database 'hg38_10kbp_up_10kbp_down_full_tx_v10_clust.genes_vs_motifs.rankings': 5876 motifs × 27090 genes
Loaded 2 databases
Reading annotation file: flashscenic_data/motifs-v10nr_clust-nr.hgnc-m0.001-o0.0.tbl
Column indices: motif_id=0, gene_name=5, similarity_qvalue=6, ortho_identity=9, description=12
Read 253096 rows, 253096 passed filters
Loaded 177084 motif annotations (27072 unique motifs, 1605 unique TFs)
Loaded motif annotations (filter_for_annotation=True)

Pruning with database 1/2: hg38_500bp_up_100bp_down_full_tx_v10_clust.genes_vs_motifs.rankings

Pruning with database 2/2: hg38_10kbp_up_10kbp_down_full_tx_v10_clust.genes_vs_motifs.rankings

Total regulons before merging: 899
Total regulons after merging: 615
Total regulons after TF merging: 99
Saved /orcd/data/omarabu/001/gonzalo/flashscenic_2/flashscenic/experiments/robustness/results/2026-03-26_16-55-28/figures/exp3_aucell_stability.pdf
      Done. → /orcd/data/omarabu/001/gonzalo/flashscenic_2/flashscenic/experiments/robustness/results/2026-03-26_16-55-28/figures/exp3_aucell_stability.pdf

============================================================
All experiments complete. Figures saved to:
  /orcd/data/omarabu/001/gonzalo/flashscenic_2/flashscenic/experiments/robustness/results/2026-03-26_16-55-28/figures
============================================================
